<?xml version="1.0" encoding="ISO-8859-1" ?>
<link_info>
   <banner>TI ARM Linker PC v20.2.1.LTS</banner>
   <copyright>Copyright (c) 1996-2018 Texas Instruments Incorporated</copyright>
   <link_time>0x5fecde71</link_time>
   <link_errors>0x0</link_errors>
   <output_file>USB_UART_test.out</output_file>
   <entry_point>
      <name>_c_int00_noargs</name>
      <address>0x2c45</address>
   </entry_point>
   <input_file_list>
      <input_file id="fl-2">
         <path>.\</path>
         <kind>object</kind>
         <file>main.obj</file>
         <name>main.obj</name>
      </input_file>
      <input_file id="fl-3">
         <path>.\</path>
         <kind>object</kind>
         <file>tm4c123gh6pm_startup_ccs.obj</file>
         <name>tm4c123gh6pm_startup_ccs.obj</name>
      </input_file>
      <input_file id="fl-4">
         <path>.\</path>
         <kind>object</kind>
         <file>usb_serial_structs.obj</file>
         <name>usb_serial_structs.obj</name>
      </input_file>
      <input_file id="fl-a">
         <kind>object</kind>
         <file>&lt;internal&gt;</file>
         <name>&lt;internal&gt;</name>
      </input_file>
      <input_file id="fl-b">
         <path>C:\ti\TivaWare_C_Series-2.2.0.295\driverlib\ccs\Debug\</path>
         <kind>archive</kind>
         <file>driverlib.lib</file>
         <name>gpio.obj</name>
      </input_file>
      <input_file id="fl-c">
         <path>C:\ti\TivaWare_C_Series-2.2.0.295\driverlib\ccs\Debug\</path>
         <kind>archive</kind>
         <file>driverlib.lib</file>
         <name>interrupt.obj</name>
      </input_file>
      <input_file id="fl-d">
         <path>C:\ti\TivaWare_C_Series-2.2.0.295\driverlib\ccs\Debug\</path>
         <kind>archive</kind>
         <file>driverlib.lib</file>
         <name>sysctl.obj</name>
      </input_file>
      <input_file id="fl-e">
         <path>C:\ti\TivaWare_C_Series-2.2.0.295\driverlib\ccs\Debug\</path>
         <kind>archive</kind>
         <file>driverlib.lib</file>
         <name>uart.obj</name>
      </input_file>
      <input_file id="fl-f">
         <path>C:\ti\TivaWare_C_Series-2.2.0.295\driverlib\ccs\Debug\</path>
         <kind>archive</kind>
         <file>driverlib.lib</file>
         <name>cpu.obj</name>
      </input_file>
      <input_file id="fl-10">
         <path>..\</path>
         <kind>archive</kind>
         <file>usblib.lib</file>
         <name>usbbuffer.obj</name>
      </input_file>
      <input_file id="fl-11">
         <path>..\</path>
         <kind>archive</kind>
         <file>usblib.lib</file>
         <name>usbmode.obj</name>
      </input_file>
      <input_file id="fl-12">
         <path>..\</path>
         <kind>archive</kind>
         <file>usblib.lib</file>
         <name>usbringbuf.obj</name>
      </input_file>
      <input_file id="fl-13">
         <path>..\</path>
         <kind>archive</kind>
         <file>usblib.lib</file>
         <name>usbtick.obj</name>
      </input_file>
      <input_file id="fl-14">
         <path>..\</path>
         <kind>archive</kind>
         <file>usblib.lib</file>
         <name>usbdcdc.obj</name>
      </input_file>
      <input_file id="fl-15">
         <path>..\</path>
         <kind>archive</kind>
         <file>usblib.lib</file>
         <name>usbdenum.obj</name>
      </input_file>
      <input_file id="fl-16">
         <path>..\</path>
         <kind>archive</kind>
         <file>usblib.lib</file>
         <name>usbdhandler.obj</name>
      </input_file>
      <input_file id="fl-17">
         <path>..\</path>
         <kind>archive</kind>
         <file>usblib.lib</file>
         <name>usbhostenum.obj</name>
      </input_file>
      <input_file id="fl-18">
         <path>..\</path>
         <kind>archive</kind>
         <file>usblib.lib</file>
         <name>usbdesc.obj</name>
      </input_file>
      <input_file id="fl-19">
         <path>..\</path>
         <kind>archive</kind>
         <file>usblib.lib</file>
         <name>usbdma.obj</name>
      </input_file>
      <input_file id="fl-1a">
         <path>..\</path>
         <kind>archive</kind>
         <file>usblib.lib</file>
         <name>usbulpi.obj</name>
      </input_file>
      <input_file id="fl-1b">
         <path>..\</path>
         <kind>archive</kind>
         <file>usblib.lib</file>
         <name>usbdcdesc.obj</name>
      </input_file>
      <input_file id="fl-1c">
         <path>..\</path>
         <kind>archive</kind>
         <file>usblib.lib</file>
         <name>usbdconfig.obj</name>
      </input_file>
      <input_file id="fl-1d">
         <path>..\</path>
         <kind>archive</kind>
         <file>usblib.lib</file>
         <name>usbhhub.obj</name>
      </input_file>
      <input_file id="fl-d3">
         <path>C:\ti\ccs1010\ccs\tools\compiler\ti-cgt-arm_20.2.1.LTS\lib\</path>
         <kind>archive</kind>
         <file>rtsv7M4_T_le_v4SPD16_eabi.lib</file>
         <name>copy_zero_init.c.obj</name>
      </input_file>
      <input_file id="fl-d4">
         <path>C:\ti\ccs1010\ccs\tools\compiler\ti-cgt-arm_20.2.1.LTS\lib\</path>
         <kind>archive</kind>
         <file>rtsv7M4_T_le_v4SPD16_eabi.lib</file>
         <name>copy_decompress_none.c.obj</name>
      </input_file>
      <input_file id="fl-d5">
         <path>C:\ti\ccs1010\ccs\tools\compiler\ti-cgt-arm_20.2.1.LTS\lib\</path>
         <kind>archive</kind>
         <file>rtsv7M4_T_le_v4SPD16_eabi.lib</file>
         <name>copy_decompress_lzss.c.obj</name>
      </input_file>
      <input_file id="fl-d6">
         <path>C:\ti\ccs1010\ccs\tools\compiler\ti-cgt-arm_20.2.1.LTS\lib\</path>
         <kind>archive</kind>
         <file>rtsv7M4_T_le_v4SPD16_eabi.lib</file>
         <name>boot_cortex_m.c.obj</name>
      </input_file>
      <input_file id="fl-d7">
         <path>C:\ti\ccs1010\ccs\tools\compiler\ti-cgt-arm_20.2.1.LTS\lib\</path>
         <kind>archive</kind>
         <file>rtsv7M4_T_le_v4SPD16_eabi.lib</file>
         <name>memset_t2.asm.obj</name>
      </input_file>
      <input_file id="fl-d8">
         <path>C:\ti\ccs1010\ccs\tools\compiler\ti-cgt-arm_20.2.1.LTS\lib\</path>
         <kind>archive</kind>
         <file>rtsv7M4_T_le_v4SPD16_eabi.lib</file>
         <name>memcpy_t2.asm.obj</name>
      </input_file>
      <input_file id="fl-d9">
         <path>C:\ti\ccs1010\ccs\tools\compiler\ti-cgt-arm_20.2.1.LTS\lib\</path>
         <kind>archive</kind>
         <file>rtsv7M4_T_le_v4SPD16_eabi.lib</file>
         <name>autoinit.c.obj</name>
      </input_file>
      <input_file id="fl-da">
         <path>C:\ti\ccs1010\ccs\tools\compiler\ti-cgt-arm_20.2.1.LTS\lib\</path>
         <kind>archive</kind>
         <file>rtsv7M4_T_le_v4SPD16_eabi.lib</file>
         <name>pre_init.c.obj</name>
      </input_file>
      <input_file id="fl-db">
         <path>C:\ti\ccs1010\ccs\tools\compiler\ti-cgt-arm_20.2.1.LTS\lib\</path>
         <kind>archive</kind>
         <file>rtsv7M4_T_le_v4SPD16_eabi.lib</file>
         <name>cpy_tbl.c.obj</name>
      </input_file>
      <input_file id="fl-dc">
         <path>C:\ti\ccs1010\ccs\tools\compiler\ti-cgt-arm_20.2.1.LTS\lib\</path>
         <kind>archive</kind>
         <file>rtsv7M4_T_le_v4SPD16_eabi.lib</file>
         <name>exit.c.obj</name>
      </input_file>
      <input_file id="fl-dd">
         <path>C:\ti\ccs1010\ccs\tools\compiler\ti-cgt-arm_20.2.1.LTS\lib\</path>
         <kind>archive</kind>
         <file>rtsv7M4_T_le_v4SPD16_eabi.lib</file>
         <name>_lock.c.obj</name>
      </input_file>
      <input_file id="fl-de">
         <path>C:\ti\ccs1010\ccs\tools\compiler\ti-cgt-arm_20.2.1.LTS\lib\</path>
         <kind>archive</kind>
         <file>rtsv7M4_T_le_v4SPD16_eabi.lib</file>
         <name>args_main.c.obj</name>
      </input_file>
      <input_file id="fl-df">
         <path>C:\ti\TivaWare_C_Series-2.2.0.295\driverlib\ccs\Debug\</path>
         <kind>archive</kind>
         <file>driverlib.lib</file>
         <name>udma.obj</name>
      </input_file>
      <input_file id="fl-e0">
         <path>C:\ti\TivaWare_C_Series-2.2.0.295\driverlib\ccs\Debug\</path>
         <kind>archive</kind>
         <file>driverlib.lib</file>
         <name>usb.obj</name>
      </input_file>
   </input_file_list>
   <object_component_list>
      <object_component id="oc-12">
         <name>.intvecs</name>
         <load_address>0x0</load_address>
         <run_address>0x0</run_address>
         <size>0x26c</size>
         <input_file_ref idref="fl-3"/>
      </object_component>
      <object_component id="oc-b3">
         <name>.text</name>
         <load_address>0x26c</load_address>
         <run_address>0x26c</run_address>
         <size>0x19c</size>
         <input_file_ref idref="fl-2"/>
      </object_component>
      <object_component id="oc-255">
         <name>.text:GPIOPadConfigSet</name>
         <load_address>0x408</load_address>
         <run_address>0x408</run_address>
         <size>0x16c</size>
         <input_file_ref idref="fl-b"/>
      </object_component>
      <object_component id="oc-3e6">
         <name>.text:USBLibDMAInit</name>
         <load_address>0x574</load_address>
         <run_address>0x574</run_address>
         <size>0x164</size>
         <input_file_ref idref="fl-19"/>
      </object_component>
      <object_component id="oc-272">
         <name>.text:USBDCDInit</name>
         <load_address>0x6d8</load_address>
         <run_address>0x6d8</run_address>
         <size>0x150</size>
         <input_file_ref idref="fl-15"/>
      </object_component>
      <object_component id="oc-209">
         <name>.text:USBDEP0StateTxConfig</name>
         <load_address>0x828</load_address>
         <run_address>0x828</run_address>
         <size>0x150</size>
         <input_file_ref idref="fl-15"/>
      </object_component>
      <object_component id="oc-7a">
         <name>.text:USBDeviceIntHandlerInternal</name>
         <load_address>0x978</load_address>
         <run_address>0x978</run_address>
         <size>0x150</size>
         <input_file_ref idref="fl-15"/>
      </object_component>
      <object_component id="oc-672">
         <name>.text:USBDeviceConfig</name>
         <load_address>0xac8</load_address>
         <run_address>0xac8</run_address>
         <size>0x148</size>
         <input_file_ref idref="fl-1c"/>
      </object_component>
      <object_component id="oc-15f">
         <name>.text:SysCtlClockGet</name>
         <load_address>0xc10</load_address>
         <run_address>0xc10</run_address>
         <size>0x118</size>
         <input_file_ref idref="fl-d"/>
      </object_component>
      <object_component id="oc-129">
         <name>.text:SysCtlClockSet</name>
         <load_address>0xd28</load_address>
         <run_address>0xd28</run_address>
         <size>0xf4</size>
         <input_file_ref idref="fl-d"/>
      </object_component>
      <object_component id="oc-5f3">
         <name>.text:iDMAUSBTransfer</name>
         <load_address>0xe1c</load_address>
         <run_address>0xe1c</run_address>
         <size>0xf4</size>
         <input_file_ref idref="fl-19"/>
      </object_component>
      <object_component id="oc-4b7">
         <name>.text:USBDGetDescriptor</name>
         <load_address>0xf10</load_address>
         <run_address>0xf10</run_address>
         <size>0xe4</size>
         <input_file_ref idref="fl-15"/>
      </object_component>
      <object_component id="oc-26c">
         <name>.text:USBDCDCCompositeInit</name>
         <load_address>0xff4</load_address>
         <run_address>0xff4</run_address>
         <size>0xdc</size>
         <input_file_ref idref="fl-14"/>
      </object_component>
      <object_component id="oc-eb">
         <name>.text:USBDeviceEnumHandler</name>
         <load_address>0x10d0</load_address>
         <run_address>0x10d0</run_address>
         <size>0xd8</size>
         <input_file_ref idref="fl-15"/>
      </object_component>
      <object_component id="oc-4fe">
         <name>.text:HandleRequests</name>
         <load_address>0x11a8</load_address>
         <run_address>0x11a8</run_address>
         <size>0xd4</size>
         <input_file_ref idref="fl-14"/>
      </object_component>
      <object_component id="oc-581">
         <name>.text:uDMAUSBChannelAllocate</name>
         <load_address>0x127c</load_address>
         <run_address>0x127c</run_address>
         <size>0xd0</size>
         <input_file_ref idref="fl-19"/>
      </object_component>
      <object_component id="oc-45a">
         <name>.text:HandleRxAvailable</name>
         <load_address>0x134c</load_address>
         <run_address>0x134c</run_address>
         <size>0xc0</size>
         <input_file_ref idref="fl-10"/>
      </object_component>
      <object_component id="oc-5c3">
         <name>.text:uDMAUSBTransfer</name>
         <load_address>0x140c</load_address>
         <run_address>0x140c</run_address>
         <size>0xbc</size>
         <input_file_ref idref="fl-19"/>
      </object_component>
      <object_component id="oc-528">
         <name>.text:HandleDevice</name>
         <load_address>0x14c8</load_address>
         <run_address>0x14c8</run_address>
         <size>0xb4</size>
         <input_file_ref idref="fl-14"/>
      </object_component>
      <object_component id="oc-41">
         <name>.text</name>
         <load_address>0x157c</load_address>
         <run_address>0x157c</run_address>
         <size>0x9c</size>
         <input_file_ref idref="fl-d8"/>
      </object_component>
      <object_component id="oc-4d5">
         <name>.text:USBDSetInterface</name>
         <load_address>0x1618</load_address>
         <run_address>0x1618</run_address>
         <size>0x98</size>
         <input_file_ref idref="fl-15"/>
      </object_component>
      <object_component id="oc-39a">
         <name>.text:CDCTickHandler</name>
         <load_address>0x16b0</load_address>
         <run_address>0x16b0</run_address>
         <size>0x96</size>
         <input_file_ref idref="fl-14"/>
      </object_component>
      <object_component id="oc-7d3">
         <name>.text:SendSerialState</name>
         <load_address>0x1746</load_address>
         <run_address>0x1746</run_address>
         <size>0x94</size>
         <input_file_ref idref="fl-14"/>
      </object_component>
      <object_component id="oc-2bf">
         <name>.text:ScheduleNextTransmission</name>
         <load_address>0x17da</load_address>
         <run_address>0x17da</run_address>
         <size>0x92</size>
         <input_file_ref idref="fl-10"/>
      </object_component>
      <object_component id="oc-2da">
         <name>.text:USBDCDCPacketRead</name>
         <load_address>0x186c</load_address>
         <run_address>0x186c</run_address>
         <size>0x90</size>
         <input_file_ref idref="fl-14"/>
      </object_component>
      <object_component id="oc-4c9">
         <name>.text:USBDSetConfiguration</name>
         <load_address>0x18fc</load_address>
         <run_address>0x18fc</run_address>
         <size>0x90</size>
         <input_file_ref idref="fl-15"/>
      </object_component>
      <object_component id="oc-686">
         <name>.text:USBDeviceConfigAlternate</name>
         <load_address>0x198c</load_address>
         <run_address>0x198c</run_address>
         <size>0x8c</size>
         <input_file_ref idref="fl-1c"/>
      </object_component>
      <object_component id="oc-5d5">
         <name>.text:iDMAUSBChannelAllocate</name>
         <load_address>0x1a18</load_address>
         <run_address>0x1a18</run_address>
         <size>0x88</size>
         <input_file_ref idref="fl-19"/>
      </object_component>
      <object_component id="oc-4a5">
         <name>.text:USBDClearFeature</name>
         <load_address>0x1aa0</load_address>
         <run_address>0x1aa0</run_address>
         <size>0x7c</size>
         <input_file_ref idref="fl-15"/>
      </object_component>
      <object_component id="oc-731">
         <name>.text:uDMAChannelTransferSet</name>
         <load_address>0x1b1c</load_address>
         <run_address>0x1b1c</run_address>
         <size>0x7c</size>
         <input_file_ref idref="fl-df"/>
      </object_component>
      <object_component id="oc-7ab">
         <name>.text:USBDevEndpointConfigSet</name>
         <load_address>0x1b98</load_address>
         <run_address>0x1b98</run_address>
         <size>0x7a</size>
         <input_file_ref idref="fl-e0"/>
      </object_component>
      <object_component id="oc-5cf">
         <name>.text:iDMAUSBArbSizeSet</name>
         <load_address>0x1c12</load_address>
         <run_address>0x1c12</run_address>
         <size>0x2</size>
         <input_file_ref idref="fl-19"/>
      </object_component>
      <object_component id="oc-49f">
         <name>.text:USBDGetStatus</name>
         <load_address>0x1c14</load_address>
         <run_address>0x1c14</run_address>
         <size>0x78</size>
         <input_file_ref idref="fl-15"/>
      </object_component>
      <object_component id="oc-6bb">
         <name>.text:ProcessDataFromHost</name>
         <load_address>0x1c8c</load_address>
         <run_address>0x1c8c</run_address>
         <size>0x72</size>
         <input_file_ref idref="fl-14"/>
      </object_component>
      <object_component id="oc-5c9">
         <name>.text:uDMAUSBUnitSizeSet</name>
         <load_address>0x1cfe</load_address>
         <run_address>0x1cfe</run_address>
         <size>0x72</size>
         <input_file_ref idref="fl-19"/>
      </object_component>
      <object_component id="oc-20f">
         <name>.text:USBDEP0StateTx</name>
         <load_address>0x1d70</load_address>
         <run_address>0x1d70</run_address>
         <size>0x70</size>
         <input_file_ref idref="fl-15"/>
      </object_component>
      <object_component id="oc-4ab">
         <name>.text:USBDSetFeature</name>
         <load_address>0x1de0</load_address>
         <run_address>0x1de0</run_address>
         <size>0x70</size>
         <input_file_ref idref="fl-15"/>
      </object_component>
      <object_component id="oc-57b">
         <name>.text:uDMAUSBArbSizeSet</name>
         <load_address>0x1e50</load_address>
         <run_address>0x1e50</run_address>
         <size>0x70</size>
         <input_file_ref idref="fl-19"/>
      </object_component>
      <object_component id="oc-6c1">
         <name>.text:ProcessDataToHost</name>
         <load_address>0x1ec0</load_address>
         <run_address>0x1ec0</run_address>
         <size>0x6c</size>
         <input_file_ref idref="fl-14"/>
      </object_component>
      <object_component id="oc-70a">
         <name>.text:IntDisable</name>
         <load_address>0x1f2c</load_address>
         <run_address>0x1f2c</run_address>
         <size>0x68</size>
         <input_file_ref idref="fl-c"/>
      </object_component>
      <object_component id="oc-14d">
         <name>.text:IntEnable</name>
         <load_address>0x1f94</load_address>
         <run_address>0x1f94</run_address>
         <size>0x68</size>
         <input_file_ref idref="fl-c"/>
      </object_component>
      <object_component id="oc-15">
         <name>.text:decompress:lzss:__TI_decompress_lzss</name>
         <load_address>0x1ffc</load_address>
         <run_address>0x1ffc</run_address>
         <size>0x68</size>
         <input_file_ref idref="fl-d5"/>
      </object_component>
      <object_component id="oc-704">
         <name>.text:IntIsEnabled</name>
         <load_address>0x2064</load_address>
         <run_address>0x2064</run_address>
         <size>0x64</size>
         <input_file_ref idref="fl-c"/>
      </object_component>
      <object_component id="oc-2e9">
         <name>.text:USBBufferEventCallback</name>
         <load_address>0x20c8</load_address>
         <run_address>0x20c8</run_address>
         <size>0x64</size>
         <input_file_ref idref="fl-10"/>
      </object_component>
      <object_component id="oc-58d">
         <name>.text:uDMAUSBChannelEnable</name>
         <load_address>0x212c</load_address>
         <run_address>0x212c</run_address>
         <size>0x64</size>
         <input_file_ref idref="fl-19"/>
      </object_component>
      <object_component id="oc-2c9">
         <name>.text:USBDCDCPacketWrite</name>
         <load_address>0x2190</load_address>
         <run_address>0x2190</run_address>
         <size>0x60</size>
         <input_file_ref idref="fl-14"/>
      </object_component>
      <object_component id="oc-203">
         <name>.text:USBDReadAndDispatchRequest</name>
         <load_address>0x21f0</load_address>
         <run_address>0x21f0</run_address>
         <size>0x60</size>
         <input_file_ref idref="fl-15"/>
      </object_component>
      <object_component id="oc-1eb">
         <name>.text:USBDevEndpointStatusClear</name>
         <load_address>0x2250</load_address>
         <run_address>0x2250</run_address>
         <size>0x5e</size>
         <input_file_ref idref="fl-e0"/>
      </object_component>
      <object_component id="oc-59f">
         <name>.text:uDMAUSBChannelRelease</name>
         <load_address>0x22ae</load_address>
         <run_address>0x22ae</run_address>
         <size>0x56</size>
         <input_file_ref idref="fl-19"/>
      </object_component>
      <object_component id="oc-3bc">
         <name>.text:ULPIConfigSet</name>
         <load_address>0x2304</load_address>
         <run_address>0x2304</run_address>
         <size>0x52</size>
         <input_file_ref idref="fl-1a"/>
      </object_component>
      <object_component id="oc-60b">
         <name>.text:iDMAUSBUnitSizeSet</name>
         <load_address>0x2356</load_address>
         <run_address>0x2356</run_address>
         <size>0x2</size>
         <input_file_ref idref="fl-19"/>
      </object_component>
      <object_component id="oc-3a4">
         <name>.text:SysCtlPeripheralReset</name>
         <load_address>0x2358</load_address>
         <run_address>0x2358</run_address>
         <size>0x50</size>
         <input_file_ref idref="fl-d"/>
      </object_component>
      <object_component id="oc-147">
         <name>.text:USBDCDCInit</name>
         <load_address>0x23a8</load_address>
         <run_address>0x23a8</run_address>
         <size>0x50</size>
         <input_file_ref idref="fl-14"/>
      </object_component>
      <object_component id="oc-799">
         <name>.text:USBDCDConfigDescGet</name>
         <load_address>0x23f8</load_address>
         <run_address>0x23f8</run_address>
         <size>0x50</size>
         <input_file_ref idref="fl-1b"/>
      </object_component>
      <object_component id="oc-cd">
         <name>.text:USBDeviceResumeTickHandler</name>
         <load_address>0x2448</load_address>
         <run_address>0x2448</run_address>
         <size>0x50</size>
         <input_file_ref idref="fl-15"/>
      </object_component>
      <object_component id="oc-153">
         <name>.text:GPIOPinConfigure</name>
         <load_address>0x2498</load_address>
         <run_address>0x2498</run_address>
         <size>0x4c</size>
         <input_file_ref idref="fl-b"/>
      </object_component>
      <object_component id="oc-7a5">
         <name>.text:GetEPDescriptorType</name>
         <load_address>0x24e4</load_address>
         <run_address>0x24e4</run_address>
         <size>0x4c</size>
         <input_file_ref idref="fl-1c"/>
      </object_component>
      <object_component id="oc-669">
         <name>.text:USBDStringIndexFromRequest</name>
         <load_address>0x2530</load_address>
         <run_address>0x2530</run_address>
         <size>0x4c</size>
         <input_file_ref idref="fl-15"/>
      </object_component>
      <object_component id="oc-73d">
         <name>.text:USBEndpointDMAConfigSet</name>
         <load_address>0x257c</load_address>
         <run_address>0x257c</run_address>
         <size>0x4c</size>
         <input_file_ref idref="fl-e0"/>
      </object_component>
      <object_component id="oc-5ff">
         <name>.text:iDMAUSBChannelEnable</name>
         <load_address>0x25c8</load_address>
         <run_address>0x25c8</run_address>
         <size>0x4c</size>
         <input_file_ref idref="fl-19"/>
      </object_component>
      <object_component id="oc-7c6">
         <name>.text:ConfigAlternateInterfaceGet</name>
         <load_address>0x2614</load_address>
         <run_address>0x2614</run_address>
         <size>0x4a</size>
         <input_file_ref idref="fl-1b"/>
      </object_component>
      <object_component id="oc-50a">
         <name>.text:HandleEP0Data</name>
         <load_address>0x265e</load_address>
         <run_address>0x265e</run_address>
         <size>0x4a</size>
         <input_file_ref idref="fl-14"/>
      </object_component>
      <object_component id="oc-522">
         <name>.text:HandleEndpoints</name>
         <load_address>0x26a8</load_address>
         <run_address>0x26a8</run_address>
         <size>0x4a</size>
         <input_file_ref idref="fl-14"/>
      </object_component>
      <object_component id="oc-660">
         <name>.text:USBDevEndpointStallClear</name>
         <load_address>0x26f2</load_address>
         <run_address>0x26f2</run_address>
         <size>0x4a</size>
         <input_file_ref idref="fl-e0"/>
      </object_component>
      <object_component id="oc-587">
         <name>.text:uDMAUSBChannelDisable</name>
         <load_address>0x273c</load_address>
         <run_address>0x273c</run_address>
         <size>0x4a</size>
         <input_file_ref idref="fl-19"/>
      </object_component>
      <object_component id="oc-599">
         <name>.text:uDMAUSBChannelIntDisable</name>
         <load_address>0x2786</load_address>
         <run_address>0x2786</run_address>
         <size>0x2</size>
         <input_file_ref idref="fl-19"/>
      </object_component>
      <object_component id="oc-37c">
         <name>.text:USBDCDDeviceInfoInit</name>
         <load_address>0x2788</load_address>
         <run_address>0x2788</run_address>
         <size>0x48</size>
         <input_file_ref idref="fl-15"/>
      </object_component>
      <object_component id="oc-c7">
         <name>.text:USBDeviceEnumResetHandler</name>
         <load_address>0x27d0</load_address>
         <run_address>0x27d0</run_address>
         <size>0x48</size>
         <input_file_ref idref="fl-15"/>
      </object_component>
      <object_component id="oc-6f0">
         <name>.text:uDMAChannelAttributeDisable</name>
         <load_address>0x2818</load_address>
         <run_address>0x2818</run_address>
         <size>0x48</size>
         <input_file_ref idref="fl-df"/>
      </object_component>
      <object_component id="oc-165">
         <name>.text:UARTConfigSetExpClk</name>
         <load_address>0x2860</load_address>
         <run_address>0x2860</run_address>
         <size>0x46</size>
         <input_file_ref idref="fl-e"/>
      </object_component>
      <object_component id="oc-1f7">
         <name>.text:USBEndpointDataGet</name>
         <load_address>0x28a6</load_address>
         <run_address>0x28a6</run_address>
         <size>0x46</size>
         <input_file_ref idref="fl-e0"/>
      </object_component>
      <object_component id="oc-4cf">
         <name>.text:USBDGetInterface</name>
         <load_address>0x28ec</load_address>
         <run_address>0x28ec</run_address>
         <size>0x44</size>
         <input_file_ref idref="fl-15"/>
      </object_component>
      <object_component id="oc-19c">
         <name>.text:__TI_auto_init_nobinit_nopinit:__TI_auto_init_nobinit_nopinit</name>
         <load_address>0x2930</load_address>
         <run_address>0x2930</run_address>
         <size>0x44</size>
         <input_file_ref idref="fl-d9"/>
      </object_component>
      <object_component id="oc-5f9">
         <name>.text:iDMAUSBChannelRelease</name>
         <load_address>0x2974</load_address>
         <run_address>0x2974</run_address>
         <size>0x3c</size>
         <input_file_ref idref="fl-19"/>
      </object_component>
      <object_component id="oc-7b7">
         <name>.text:USBFIFOConfigSet</name>
         <load_address>0x29b0</load_address>
         <run_address>0x29b0</run_address>
         <size>0x3a</size>
         <input_file_ref idref="fl-e0"/>
      </object_component>
      <object_component id="oc-593">
         <name>.text:uDMAUSBChannelIntEnable</name>
         <load_address>0x29ea</load_address>
         <run_address>0x29ea</run_address>
         <size>0x2</size>
         <input_file_ref idref="fl-19"/>
      </object_component>
      <object_component id="oc-388">
         <name>.text:InternalUSBRegisterTickHandler</name>
         <load_address>0x29ec</load_address>
         <run_address>0x29ec</run_address>
         <size>0x38</size>
         <input_file_ref idref="fl-13"/>
      </object_component>
      <object_component id="oc-d3">
         <name>.text:InternalUSBStartOfFrameTick</name>
         <load_address>0x2a24</load_address>
         <run_address>0x2a24</run_address>
         <size>0x38</size>
         <input_file_ref idref="fl-13"/>
      </object_component>
      <object_component id="oc-53f">
         <name>.text:SendBreak</name>
         <load_address>0x2a5c</load_address>
         <run_address>0x2a5c</run_address>
         <size>0x38</size>
         <input_file_ref idref="fl-14"/>
      </object_component>
      <object_component id="oc-79f">
         <name>.text:USBDCDConfigGetInterfaceEndpoint</name>
         <load_address>0x2a94</load_address>
         <run_address>0x2a94</run_address>
         <size>0x38</size>
         <input_file_ref idref="fl-1b"/>
      </object_component>
      <object_component id="oc-74">
         <name>.text:USBIntStatusControl</name>
         <load_address>0x2acc</load_address>
         <run_address>0x2acc</run_address>
         <size>0x38</size>
         <input_file_ref idref="fl-e0"/>
      </object_component>
      <object_component id="oc-63c">
         <name>.text:USBRingBufAdvanceWrite</name>
         <load_address>0x2b04</load_address>
         <run_address>0x2b04</run_address>
         <size>0x38</size>
         <input_file_ref idref="fl-12"/>
      </object_component>
      <object_component id="oc-334">
         <name>.text:USBEndpointDataPut</name>
         <load_address>0x2b3c</load_address>
         <run_address>0x2b3c</run_address>
         <size>0x36</size>
         <input_file_ref idref="fl-e0"/>
      </object_component>
      <object_component id="oc-504">
         <name>.text:HandleConfigChange</name>
         <load_address>0x2b72</load_address>
         <run_address>0x2b72</run_address>
         <size>0x34</size>
         <input_file_ref idref="fl-14"/>
      </object_component>
      <object_component id="oc-816">
         <name>.text:NextConfigDescGet</name>
         <load_address>0x2ba6</load_address>
         <run_address>0x2ba6</run_address>
         <size>0x34</size>
         <input_file_ref idref="fl-1b"/>
      </object_component>
      <object_component id="oc-12f">
         <name>.text:SysCtlPeripheralEnable</name>
         <load_address>0x2bdc</load_address>
         <run_address>0x2bdc</run_address>
         <size>0x34</size>
         <input_file_ref idref="fl-d"/>
      </object_component>
      <object_component id="oc-33a">
         <name>.text:USBEndpointDataSend</name>
         <load_address>0x2c10</load_address>
         <run_address>0x2c10</run_address>
         <size>0x34</size>
         <input_file_ref idref="fl-e0"/>
      </object_component>
      <object_component id="oc-5f">
         <name>.text:_c_int00_noargs:_c_int00_noargs</name>
         <load_address>0x2c44</load_address>
         <run_address>0x2c44</run_address>
         <size>0x34</size>
         <input_file_ref idref="fl-d6"/>
      </object_component>
      <object_component id="oc-5db">
         <name>.text:iDMAUSBChannelStatus</name>
         <load_address>0x2c78</load_address>
         <run_address>0x2c78</run_address>
         <size>0x34</size>
         <input_file_ref idref="fl-19"/>
      </object_component>
      <object_component id="oc-6b5">
         <name>.text:ProcessNotificationToHost</name>
         <load_address>0x2cac</load_address>
         <run_address>0x2cac</run_address>
         <size>0x32</size>
         <input_file_ref idref="fl-14"/>
      </object_component>
      <object_component id="oc-496">
         <name>.text:USBDevEndpointStall</name>
         <load_address>0x2cde</load_address>
         <run_address>0x2cde</run_address>
         <size>0x32</size>
         <input_file_ref idref="fl-e0"/>
      </object_component>
      <object_component id="oc-605">
         <name>.text:iDMAUSBChannelDisable</name>
         <load_address>0x2d10</load_address>
         <run_address>0x2d10</run_address>
         <size>0x32</size>
         <input_file_ref idref="fl-19"/>
      </object_component>
      <object_component id="oc-5ab">
         <name>.text:DMAUSBIntHandler</name>
         <load_address>0x2d42</load_address>
         <run_address>0x2d42</run_address>
         <size>0x30</size>
         <input_file_ref idref="fl-19"/>
      </object_component>
      <object_component id="oc-382">
         <name>.text:InternalUSBTickInit</name>
         <load_address>0x2d74</load_address>
         <run_address>0x2d74</run_address>
         <size>0x30</size>
         <input_file_ref idref="fl-13"/>
      </object_component>
      <object_component id="oc-4c3">
         <name>.text:USBDGetConfiguration</name>
         <load_address>0x2da4</load_address>
         <run_address>0x2da4</run_address>
         <size>0x30</size>
         <input_file_ref idref="fl-15"/>
      </object_component>
      <object_component id="oc-177">
         <name>.text:USBBufferWrite</name>
         <load_address>0x2dd4</load_address>
         <run_address>0x2dd4</run_address>
         <size>0x2e</size>
         <input_file_ref idref="fl-10"/>
      </object_component>
      <object_component id="oc-2e0">
         <name>.text:USBDCDCRxPacketAvailable</name>
         <load_address>0x2e02</load_address>
         <run_address>0x2e02</run_address>
         <size>0x2e</size>
         <input_file_ref idref="fl-14"/>
      </object_component>
      <object_component id="oc-622">
         <name>.text:UpdateIndexAtomic</name>
         <load_address>0x2e30</load_address>
         <run_address>0x2e30</run_address>
         <size>0x2e</size>
         <input_file_ref idref="fl-12"/>
      </object_component>
      <object_component id="oc-24f">
         <name>.text:GPIODirModeSet</name>
         <load_address>0x2e5e</load_address>
         <run_address>0x2e5e</run_address>
         <size>0x2c</size>
         <input_file_ref idref="fl-b"/>
      </object_component>
      <object_component id="oc-67a">
         <name>.text:USBDCDConfigDescGetNum</name>
         <load_address>0x2e8a</load_address>
         <run_address>0x2e8a</run_address>
         <size>0x2c</size>
         <input_file_ref idref="fl-1b"/>
      </object_component>
      <object_component id="oc-80f">
         <name>.text:USBDescGet</name>
         <load_address>0x2eb6</load_address>
         <run_address>0x2eb6</run_address>
         <size>0x2c</size>
         <input_file_ref idref="fl-18"/>
      </object_component>
      <object_component id="oc-5b1">
         <name>.text:uDMAUSBIntStatus</name>
         <load_address>0x2ee2</load_address>
         <run_address>0x2ee2</run_address>
         <size>0x2c</size>
         <input_file_ref idref="fl-19"/>
      </object_component>
      <object_component id="oc-454">
         <name>.text:HandleRequestBuffer</name>
         <load_address>0x2f0e</load_address>
         <run_address>0x2f0e</run_address>
         <size>0x2a</size>
         <input_file_ref idref="fl-10"/>
      </object_component>
      <object_component id="oc-7bf">
         <name>.text:USBDescGetNum</name>
         <load_address>0x2f38</load_address>
         <run_address>0x2f38</run_address>
         <size>0x2a</size>
         <input_file_ref idref="fl-18"/>
      </object_component>
      <object_component id="oc-1fd">
         <name>.text:USBDevEndpointDataAck</name>
         <load_address>0x2f62</load_address>
         <run_address>0x2f62</run_address>
         <size>0x2a</size>
         <input_file_ref idref="fl-e0"/>
      </object_component>
      <object_component id="oc-171">
         <name>.text:USBBufferRead</name>
         <load_address>0x2f8c</load_address>
         <run_address>0x2f8c</run_address>
         <size>0x28</size>
         <input_file_ref idref="fl-10"/>
      </object_component>
      <object_component id="oc-4b1">
         <name>.text:USBDSetAddress</name>
         <load_address>0x2fb4</load_address>
         <run_address>0x2fb4</run_address>
         <size>0x28</size>
         <input_file_ref idref="fl-15"/>
      </object_component>
      <object_component id="oc-3ec">
         <name>.text:USBIntEnableControl</name>
         <load_address>0x2fdc</load_address>
         <run_address>0x2fdc</run_address>
         <size>0x28</size>
         <input_file_ref idref="fl-e0"/>
      </object_component>
      <object_component id="oc-722">
         <name>.text:uDMAChannelModeGet</name>
         <load_address>0x3004</load_address>
         <run_address>0x3004</run_address>
         <size>0x28</size>
         <input_file_ref idref="fl-df"/>
      </object_component>
      <object_component id="oc-51c">
         <name>.text:HandleDisconnect</name>
         <load_address>0x302c</load_address>
         <run_address>0x302c</run_address>
         <size>0x24</size>
         <input_file_ref idref="fl-14"/>
      </object_component>
      <object_component id="oc-54b">
         <name>.text:SendLineStateChange</name>
         <load_address>0x3050</load_address>
         <run_address>0x3050</run_address>
         <size>0x24</size>
         <input_file_ref idref="fl-14"/>
      </object_component>
      <object_component id="oc-6f6">
         <name>.text:USBEndpointDMADisable</name>
         <load_address>0x3074</load_address>
         <run_address>0x3074</run_address>
         <size>0x24</size>
         <input_file_ref idref="fl-e0"/>
      </object_component>
      <object_component id="oc-710">
         <name>.text:USBEndpointDMAEnable</name>
         <load_address>0x3098</load_address>
         <run_address>0x3098</run_address>
         <size>0x24</size>
         <input_file_ref idref="fl-e0"/>
      </object_component>
      <object_component id="oc-141">
         <name>.text:USBStackModeSet</name>
         <load_address>0x30bc</load_address>
         <run_address>0x30bc</run_address>
         <size>0x24</size>
         <input_file_ref idref="fl-11"/>
      </object_component>
      <object_component id="oc-6e3">
         <name>.text:uDMAChannelControlSet</name>
         <load_address>0x30e0</load_address>
         <run_address>0x30e0</run_address>
         <size>0x24</size>
         <input_file_ref idref="fl-df"/>
      </object_component>
      <object_component id="oc-551">
         <name>.text:SendLineCodingChange</name>
         <load_address>0x3104</load_address>
         <run_address>0x3104</run_address>
         <size>0x22</size>
         <input_file_ref idref="fl-14"/>
      </object_component>
      <object_component id="oc-5a5">
         <name>.text:uDMAUSBChannelStatus</name>
         <load_address>0x3126</load_address>
         <run_address>0x3126</run_address>
         <size>0x22</size>
         <input_file_ref idref="fl-19"/>
      </object_component>
      <object_component id="oc-691">
         <name>.text:CheckAndSendBreak</name>
         <load_address>0x3148</load_address>
         <run_address>0x3148</run_address>
         <size>0x20</size>
         <input_file_ref idref="fl-14"/>
      </object_component>
      <object_component id="oc-7b1">
         <name>.text:GetEndpointFIFOSize</name>
         <load_address>0x3168</load_address>
         <run_address>0x3168</run_address>
         <size>0x20</size>
         <input_file_ref idref="fl-1c"/>
      </object_component>
      <object_component id="oc-448">
         <name>.text:HandleDataRemaining</name>
         <load_address>0x3188</load_address>
         <run_address>0x3188</run_address>
         <size>0x20</size>
         <input_file_ref idref="fl-10"/>
      </object_component>
      <object_component id="oc-291">
         <name>.text:UARTDisable</name>
         <load_address>0x31a8</load_address>
         <run_address>0x31a8</run_address>
         <size>0x20</size>
         <input_file_ref idref="fl-e"/>
      </object_component>
      <object_component id="oc-62e">
         <name>.text:USBRingBufAdvanceRead</name>
         <load_address>0x31c8</load_address>
         <run_address>0x31c8</run_address>
         <size>0x20</size>
         <input_file_ref idref="fl-12"/>
      </object_component>
      <object_component id="oc-635">
         <name>.text:USBRingBufContigFree</name>
         <load_address>0x31e8</load_address>
         <run_address>0x31e8</run_address>
         <size>0x1e</size>
         <input_file_ref idref="fl-12"/>
      </object_component>
      <object_component id="oc-55e">
         <name>.text:USBULPIRegRead</name>
         <load_address>0x3206</load_address>
         <run_address>0x3206</run_address>
         <size>0x1e</size>
         <input_file_ref idref="fl-e0"/>
      </object_component>
      <object_component id="oc-564">
         <name>.text:USBULPIRegWrite</name>
         <load_address>0x3224</load_address>
         <run_address>0x3224</run_address>
         <size>0x1e</size>
         <input_file_ref idref="fl-e0"/>
      </object_component>
      <object_component id="oc-680">
         <name>.text:USBDCDConfigGetInterface</name>
         <load_address>0x3242</load_address>
         <run_address>0x3242</run_address>
         <size>0x1c</size>
         <input_file_ref idref="fl-1b"/>
      </object_component>
      <object_component id="oc-321">
         <name>.text:USBDCDStallEP0</name>
         <load_address>0x3260</load_address>
         <run_address>0x3260</run_address>
         <size>0x1c</size>
         <input_file_ref idref="fl-15"/>
      </object_component>
      <object_component id="oc-440">
         <name>.text:USBEndpointDataAvail</name>
         <load_address>0x327c</load_address>
         <run_address>0x327c</run_address>
         <size>0x1c</size>
         <input_file_ref idref="fl-e0"/>
      </object_component>
      <object_component id="oc-2ac">
         <name>.text:USBRingBufRead</name>
         <load_address>0x3298</load_address>
         <run_address>0x3298</run_address>
         <size>0x1c</size>
         <input_file_ref idref="fl-12"/>
      </object_component>
      <object_component id="oc-2b9">
         <name>.text:USBRingBufWrite</name>
         <load_address>0x32b4</load_address>
         <run_address>0x32b4</run_address>
         <size>0x1c</size>
         <input_file_ref idref="fl-12"/>
      </object_component>
      <object_component id="oc-4d">
         <name>.text:decompress:ZI:__TI_zero_init_nomemset:__TI_zero_init_nomemset</name>
         <load_address>0x32d0</load_address>
         <run_address>0x32d0</run_address>
         <size>0x1c</size>
         <input_file_ref idref="fl-d3"/>
      </object_component>
      <object_component id="oc-545">
         <name>.text:DeviceConsumedAllData</name>
         <load_address>0x32ec</load_address>
         <run_address>0x32ec</run_address>
         <size>0x1a</size>
         <input_file_ref idref="fl-14"/>
      </object_component>
      <object_component id="oc-32e">
         <name>.text:USBDCDConfigDescGetSize</name>
         <load_address>0x3306</load_address>
         <run_address>0x3306</run_address>
         <size>0x1a</size>
         <input_file_ref idref="fl-1b"/>
      </object_component>
      <object_component id="oc-6ea">
         <name>.text:USBEndpointDMAChannel</name>
         <load_address>0x3320</load_address>
         <run_address>0x3320</run_address>
         <size>0x1a</size>
         <input_file_ref idref="fl-e0"/>
      </object_component>
      <object_component id="oc-43a">
         <name>.text:SetDeferredOpFlag</name>
         <load_address>0x333a</load_address>
         <run_address>0x333a</run_address>
         <size>0x18</size>
         <input_file_ref idref="fl-14"/>
      </object_component>
      <object_component id="oc-2d">
         <name>.text:USB0DeviceIntHandler</name>
         <load_address>0x3354</load_address>
         <run_address>0x3354</run_address>
         <size>0x18</size>
         <input_file_ref idref="fl-16"/>
      </object_component>
      <object_component id="oc-13b">
         <name>.text:USBBufferInit</name>
         <load_address>0x336c</load_address>
         <run_address>0x336c</run_address>
         <size>0x18</size>
         <input_file_ref idref="fl-10"/>
      </object_component>
      <object_component id="oc-376">
         <name>.text:USBDCDFeatureGet</name>
         <load_address>0x3384</load_address>
         <run_address>0x3384</run_address>
         <size>0x18</size>
         <input_file_ref idref="fl-15"/>
      </object_component>
      <object_component id="oc-4bd">
         <name>.text:USBDSetDescriptor</name>
         <load_address>0x339c</load_address>
         <run_address>0x339c</run_address>
         <size>0x18</size>
         <input_file_ref idref="fl-15"/>
      </object_component>
      <object_component id="oc-4db">
         <name>.text:USBDSyncFrame</name>
         <load_address>0x33b4</load_address>
         <run_address>0x33b4</run_address>
         <size>0x18</size>
         <input_file_ref idref="fl-15"/>
      </object_component>
      <object_component id="oc-6fd">
         <name>.text:uDMAChannelDisable</name>
         <load_address>0x33cc</load_address>
         <run_address>0x33cc</run_address>
         <size>0x18</size>
         <input_file_ref idref="fl-df"/>
      </object_component>
      <object_component id="oc-716">
         <name>.text:uDMAChannelEnable</name>
         <load_address>0x33e4</load_address>
         <run_address>0x33e4</run_address>
         <size>0x18</size>
         <input_file_ref idref="fl-df"/>
      </object_component>
      <object_component id="oc-6ab">
         <name>.text:CheckAndSendLineCodingChange</name>
         <load_address>0x33fc</load_address>
         <run_address>0x33fc</run_address>
         <size>0x16</size>
         <input_file_ref idref="fl-14"/>
      </object_component>
      <object_component id="oc-697">
         <name>.text:CheckAndSendLineStateChange</name>
         <load_address>0x3412</load_address>
         <run_address>0x3412</run_address>
         <size>0x16</size>
         <input_file_ref idref="fl-14"/>
      </object_component>
      <object_component id="oc-159">
         <name>.text:GPIOPinTypeUART</name>
         <load_address>0x3428</load_address>
         <run_address>0x3428</run_address>
         <size>0x16</size>
         <input_file_ref idref="fl-b"/>
      </object_component>
      <object_component id="oc-135">
         <name>.text:GPIOPinTypeUSBAnalog</name>
         <load_address>0x343e</load_address>
         <run_address>0x343e</run_address>
         <size>0x16</size>
         <input_file_ref idref="fl-b"/>
      </object_component>
      <object_component id="oc-3f2">
         <name>.text:USBIntEnableEndpoint</name>
         <load_address>0x3454</load_address>
         <run_address>0x3454</run_address>
         <size>0x16</size>
         <input_file_ref idref="fl-e0"/>
      </object_component>
      <object_component id="oc-243">
         <name>.text:USBRingBufFlush</name>
         <load_address>0x346a</load_address>
         <run_address>0x346a</run_address>
         <size>0x16</size>
         <input_file_ref idref="fl-12"/>
      </object_component>
      <object_component id="oc-420">
         <name>.text:USBRingBufReadOne</name>
         <load_address>0x3480</load_address>
         <run_address>0x3480</run_address>
         <size>0x16</size>
         <input_file_ref idref="fl-12"/>
      </object_component>
      <object_component id="oc-2a6">
         <name>.text:USBRingBufUsed</name>
         <load_address>0x3496</load_address>
         <run_address>0x3496</run_address>
         <size>0x16</size>
         <input_file_ref idref="fl-12"/>
      </object_component>
      <object_component id="oc-44e">
         <name>.text:HandleTxComplete</name>
         <load_address>0x34ac</load_address>
         <run_address>0x34ac</run_address>
         <size>0x14</size>
         <input_file_ref idref="fl-10"/>
      </object_component>
      <object_component id="oc-3aa">
         <name>.text:SysCtlUSBPLLEnable</name>
         <load_address>0x34c0</load_address>
         <run_address>0x34c0</run_address>
         <size>0x14</size>
         <input_file_ref idref="fl-d"/>
      </object_component>
      <object_component id="oc-297">
         <name>.text:UARTEnable</name>
         <load_address>0x34d4</load_address>
         <run_address>0x34d4</run_address>
         <size>0x14</size>
         <input_file_ref idref="fl-e"/>
      </object_component>
      <object_component id="oc-2cf">
         <name>.text:USBDCDCTxPacketAvailable</name>
         <load_address>0x34e8</load_address>
         <run_address>0x34e8</run_address>
         <size>0x14</size>
         <input_file_ref idref="fl-14"/>
      </object_component>
      <object_component id="oc-6a3">
         <name>.text:USBDCDRequestDataEP0</name>
         <load_address>0x34fc</load_address>
         <run_address>0x34fc</run_address>
         <size>0x14</size>
         <input_file_ref idref="fl-15"/>
      </object_component>
      <object_component id="oc-69d">
         <name>.text:USBDCDSendDataEP0</name>
         <load_address>0x3510</load_address>
         <run_address>0x3510</run_address>
         <size>0x14</size>
         <input_file_ref idref="fl-15"/>
      </object_component>
      <object_component id="oc-775">
         <name>.text:USBDMAChannelConfigSet</name>
         <load_address>0x3524</load_address>
         <run_address>0x3524</run_address>
         <size>0x14</size>
         <input_file_ref idref="fl-e0"/>
      </object_component>
      <object_component id="oc-1d6">
         <name>.text:USBHostResume</name>
         <load_address>0x3538</load_address>
         <run_address>0x3538</run_address>
         <size>0x14</size>
         <input_file_ref idref="fl-e0"/>
      </object_component>
      <object_component id="oc-820">
         <name>.text:_USBIndexWrite</name>
         <load_address>0x354c</load_address>
         <run_address>0x354c</run_address>
         <size>0x14</size>
         <input_file_ref idref="fl-e0"/>
      </object_component>
      <object_component id="oc-516">
         <name>.text:HandleResume</name>
         <load_address>0x3560</load_address>
         <run_address>0x3560</run_address>
         <size>0x12</size>
         <input_file_ref idref="fl-14"/>
      </object_component>
      <object_component id="oc-510">
         <name>.text:HandleSuspend</name>
         <load_address>0x3572</load_address>
         <run_address>0x3572</run_address>
         <size>0x12</size>
         <input_file_ref idref="fl-14"/>
      </object_component>
      <object_component id="oc-746">
         <name>.text:USBDMAChannelDisable</name>
         <load_address>0x3584</load_address>
         <run_address>0x3584</run_address>
         <size>0x12</size>
         <input_file_ref idref="fl-e0"/>
      </object_component>
      <object_component id="oc-77b">
         <name>.text:USBDMAChannelEnable</name>
         <load_address>0x3596</load_address>
         <run_address>0x3596</run_address>
         <size>0x12</size>
         <input_file_ref idref="fl-e0"/>
      </object_component>
      <object_component id="oc-762">
         <name>.text:USBDMAChannelIntDisable</name>
         <load_address>0x35a8</load_address>
         <run_address>0x35a8</run_address>
         <size>0x12</size>
         <input_file_ref idref="fl-e0"/>
      </object_component>
      <object_component id="oc-75b">
         <name>.text:USBDMAChannelIntEnable</name>
         <load_address>0x35ba</load_address>
         <run_address>0x35ba</run_address>
         <size>0x12</size>
         <input_file_ref idref="fl-e0"/>
      </object_component>
      <object_component id="oc-2b3">
         <name>.text:USBRingBufFree</name>
         <load_address>0x35cc</load_address>
         <run_address>0x35cc</run_address>
         <size>0x12</size>
         <input_file_ref idref="fl-12"/>
      </object_component>
      <object_component id="oc-34e">
         <name>.text:IntMasterDisable</name>
         <load_address>0x35de</load_address>
         <run_address>0x35de</run_address>
         <size>0x10</size>
         <input_file_ref idref="fl-c"/>
      </object_component>
      <object_component id="oc-16b">
         <name>.text:IntMasterEnable</name>
         <load_address>0x35ee</load_address>
         <run_address>0x35ee</run_address>
         <size>0x10</size>
         <input_file_ref idref="fl-c"/>
      </object_component>
      <object_component id="oc-1e5">
         <name>.text:USBEndpointStatus</name>
         <load_address>0x35fe</load_address>
         <run_address>0x35fe</run_address>
         <size>0x10</size>
         <input_file_ref idref="fl-e0"/>
      </object_component>
      <object_component id="oc-42f">
         <name>.text:USBRingBufContigUsed</name>
         <load_address>0x360e</load_address>
         <run_address>0x360e</run_address>
         <size>0x10</size>
         <input_file_ref idref="fl-12"/>
      </object_component>
      <object_component id="oc-428">
         <name>.text:USBRingBufWriteOne</name>
         <load_address>0x361e</load_address>
         <run_address>0x361e</run_address>
         <size>0x10</size>
         <input_file_ref idref="fl-12"/>
      </object_component>
      <object_component id="oc-5b7">
         <name>.text:DMAUSBIntStatusClear</name>
         <load_address>0x362e</load_address>
         <run_address>0x362e</run_address>
         <size>0xe</size>
         <input_file_ref idref="fl-19"/>
      </object_component>
      <object_component id="oc-17d">
         <name>.text:UARTCharPutNonBlocking</name>
         <load_address>0x363c</load_address>
         <run_address>0x363c</run_address>
         <size>0xe</size>
         <input_file_ref idref="fl-e"/>
      </object_component>
      <object_component id="oc-74d">
         <name>.text:USBDMAChannelStatus</name>
         <load_address>0x364a</load_address>
         <run_address>0x364a</run_address>
         <size>0xe</size>
         <input_file_ref idref="fl-e0"/>
      </object_component>
      <object_component id="oc-3d4">
         <name>.text:USBDevLPMDisable</name>
         <load_address>0x3658</load_address>
         <run_address>0x3658</run_address>
         <size>0xe</size>
         <input_file_ref idref="fl-e0"/>
      </object_component>
      <object_component id="oc-df">
         <name>.text:USBDevLPMEnable</name>
         <load_address>0x3666</load_address>
         <run_address>0x3666</run_address>
         <size>0xe</size>
         <input_file_ref idref="fl-e0"/>
      </object_component>
      <object_component id="oc-3c2">
         <name>.text:USBULPIDisable</name>
         <load_address>0x3674</load_address>
         <run_address>0x3674</run_address>
         <size>0xe</size>
         <input_file_ref idref="fl-e0"/>
      </object_component>
      <object_component id="oc-3b6">
         <name>.text:USBULPIEnable</name>
         <load_address>0x3682</load_address>
         <run_address>0x3682</run_address>
         <size>0xe</size>
         <input_file_ref idref="fl-e0"/>
      </object_component>
      <object_component id="oc-1b">
         <name>.text:decompress:none:__TI_decompress_none</name>
         <load_address>0x3690</load_address>
         <run_address>0x3690</run_address>
         <size>0xe</size>
         <input_file_ref idref="fl-d4"/>
      </object_component>
      <object_component id="oc-4e7">
         <name>.text:CPUcpsid</name>
         <load_address>0x369e</load_address>
         <run_address>0x369e</run_address>
         <size>0xc</size>
         <input_file_ref idref="fl-f"/>
      </object_component>
      <object_component id="oc-29f">
         <name>.text:CPUcpsie</name>
         <load_address>0x36aa</load_address>
         <run_address>0x36aa</run_address>
         <size>0xc</size>
         <input_file_ref idref="fl-f"/>
      </object_component>
      <object_component id="oc-737">
         <name>.text:USBEndpointPacketCountSet</name>
         <load_address>0x36b6</load_address>
         <run_address>0x36b6</run_address>
         <size>0xc</size>
         <input_file_ref idref="fl-e0"/>
      </object_component>
      <object_component id="oc-3e0">
         <name>.text:USBLPMIntEnable</name>
         <load_address>0x36c2</load_address>
         <run_address>0x36c2</run_address>
         <size>0xc</size>
         <input_file_ref idref="fl-e0"/>
      </object_component>
      <object_component id="oc-25c">
         <name>.text:USBRingBufInit</name>
         <load_address>0x36ce</load_address>
         <run_address>0x36ce</run_address>
         <size>0xc</size>
         <input_file_ref idref="fl-12"/>
      </object_component>
      <object_component id="oc-27">
         <name>.text</name>
         <load_address>0x36da</load_address>
         <run_address>0x36da</run_address>
         <size>0xc</size>
         <input_file_ref idref="fl-3"/>
      </object_component>
      <object_component id="oc-3b0">
         <name>.text:USBClockEnable</name>
         <load_address>0x36e6</load_address>
         <run_address>0x36e6</run_address>
         <size>0xa</size>
         <input_file_ref idref="fl-e0"/>
      </object_component>
      <object_component id="oc-572">
         <name>.text:USBControllerVersion</name>
         <load_address>0x36f0</load_address>
         <run_address>0x36f0</run_address>
         <size>0xa</size>
         <input_file_ref idref="fl-e0"/>
      </object_component>
      <object_component id="oc-769">
         <name>.text:USBDMAChannelAddressSet</name>
         <load_address>0x36fa</load_address>
         <run_address>0x36fa</run_address>
         <size>0xa</size>
         <input_file_ref idref="fl-e0"/>
      </object_component>
      <object_component id="oc-76f">
         <name>.text:USBDMAChannelCountSet</name>
         <load_address>0x3704</load_address>
         <run_address>0x3704</run_address>
         <size>0xa</size>
         <input_file_ref idref="fl-e0"/>
      </object_component>
      <object_component id="oc-3f8">
         <name>.text:USBDevConnect</name>
         <load_address>0x370e</load_address>
         <run_address>0x370e</run_address>
         <size>0xa</size>
         <input_file_ref idref="fl-e0"/>
      </object_component>
      <object_component id="oc-f1">
         <name>.text:USBDevDisconnect</name>
         <load_address>0x3718</load_address>
         <run_address>0x3718</run_address>
         <size>0xa</size>
         <input_file_ref idref="fl-e0"/>
      </object_component>
      <object_component id="oc-e5">
         <name>.text:USBIntStatusEndpoint</name>
         <load_address>0x3722</load_address>
         <run_address>0x3722</run_address>
         <size>0xa</size>
         <input_file_ref idref="fl-e0"/>
      </object_component>
      <object_component id="oc-3ce">
         <name>.text:USBDevMode</name>
         <load_address>0x372c</load_address>
         <run_address>0x372c</run_address>
         <size>0x8</size>
         <input_file_ref idref="fl-e0"/>
      </object_component>
      <object_component id="oc-72b">
         <name>.text:USBFIFOAddrGet</name>
         <load_address>0x3734</load_address>
         <run_address>0x3734</run_address>
         <size>0x8</size>
         <input_file_ref idref="fl-e0"/>
      </object_component>
      <object_component id="oc-3c8">
         <name>.text:USBOTGMode</name>
         <load_address>0x373c</load_address>
         <run_address>0x373c</run_address>
         <size>0x8</size>
         <input_file_ref idref="fl-e0"/>
      </object_component>
      <object_component id="oc-5ed">
         <name>.text:iDMAUSBChannelIntDisable</name>
         <load_address>0x3744</load_address>
         <run_address>0x3744</run_address>
         <size>0x8</size>
         <input_file_ref idref="fl-19"/>
      </object_component>
      <object_component id="oc-5e7">
         <name>.text:iDMAUSBChannelIntEnable</name>
         <load_address>0x374c</load_address>
         <run_address>0x374c</run_address>
         <size>0x8</size>
         <input_file_ref idref="fl-19"/>
      </object_component>
      <object_component id="oc-24b">
         <name>.text:SysCtlDelay</name>
         <load_address>0x3754</load_address>
         <run_address>0x3754</run_address>
         <size>0x6</size>
         <input_file_ref idref="fl-d"/>
      </object_component>
      <object_component id="oc-123">
         <name>.text:USBBufferFlush</name>
         <load_address>0x375a</load_address>
         <run_address>0x375a</run_address>
         <size>0x6</size>
         <input_file_ref idref="fl-10"/>
      </object_component>
      <object_component id="oc-754">
         <name>.text:USBDMAChannelIntStatus</name>
         <load_address>0x3760</load_address>
         <run_address>0x3760</run_address>
         <size>0x6</size>
         <input_file_ref idref="fl-e0"/>
      </object_component>
      <object_component id="oc-3da">
         <name>.text:USBDevLPMConfig</name>
         <load_address>0x3766</load_address>
         <run_address>0x3766</run_address>
         <size>0x6</size>
         <input_file_ref idref="fl-e0"/>
      </object_component>
      <object_component id="oc-d9">
         <name>.text:USBLPMIntStatus</name>
         <load_address>0x376c</load_address>
         <run_address>0x376c</run_address>
         <size>0x6</size>
         <input_file_ref idref="fl-e0"/>
      </object_component>
      <object_component id="oc-5e1">
         <name>.text:iDMAUSBIntStatus</name>
         <load_address>0x3772</load_address>
         <run_address>0x3772</run_address>
         <size>0x6</size>
         <input_file_ref idref="fl-19"/>
      </object_component>
      <object_component id="oc-5bd">
         <name>.text:DMAUSBStatus</name>
         <load_address>0x3778</load_address>
         <run_address>0x3778</run_address>
         <size>0x4</size>
         <input_file_ref idref="fl-19"/>
      </object_component>
      <object_component id="oc-1f1">
         <name>.text:USBDevAddrSet</name>
         <load_address>0x377c</load_address>
         <run_address>0x377c</run_address>
         <size>0x4</size>
         <input_file_ref idref="fl-e0"/>
      </object_component>
      <object_component id="oc-ad">
         <name>.text:_system_pre_init</name>
         <load_address>0x3780</load_address>
         <run_address>0x3780</run_address>
         <size>0x4</size>
         <input_file_ref idref="fl-da"/>
      </object_component>
      <object_component id="oc-190">
         <name>.text:abort:abort</name>
         <load_address>0x3784</load_address>
         <run_address>0x3784</run_address>
         <size>0x4</size>
         <input_file_ref idref="fl-dc"/>
      </object_component>
      <object_component id="oc-288">
         <name>.const:g_pui32GPIOBaseAddrs</name>
         <load_address>0x3788</load_address>
         <run_address>0x3788</run_address>
         <size>0x90</size>
         <input_file_ref idref="fl-b"/>
      </object_component>
      <object_component id="oc-28d">
         <name>.const:g_pui32Xtals</name>
         <load_address>0x3818</load_address>
         <run_address>0x3818</run_address>
         <size>0x6c</size>
         <input_file_ref idref="fl-d"/>
      </object_component>
      <object_component id="oc-470">
         <name>.const:.string:g_pui8ConfigString</name>
         <load_address>0x3884</load_address>
         <run_address>0x3884</run_address>
         <size>0x36</size>
         <input_file_ref idref="fl-4"/>
      </object_component>
      <object_component id="oc-32a">
         <name>.const:g_psUSBDStdRequests</name>
         <load_address>0x38bc</load_address>
         <run_address>0x38bc</run_address>
         <size>0x34</size>
         <input_file_ref idref="fl-15"/>
      </object_component>
      <object_component id="oc-38e">
         <name>.const:g_sCDCHandlers</name>
         <load_address>0x38f0</load_address>
         <run_address>0x38f0</run_address>
         <size>0x30</size>
         <input_file_ref idref="fl-14"/>
      </object_component>
      <object_component id="oc-46d">
         <name>.const:.string:g_pui8ControlInterfaceString</name>
         <load_address>0x3920</load_address>
         <run_address>0x3920</run_address>
         <size>0x2c</size>
         <input_file_ref idref="fl-4"/>
      </object_component>
      <object_component id="oc-464">
         <name>.const:.string:g_pui8ManufacturerString</name>
         <load_address>0x394c</load_address>
         <run_address>0x394c</run_address>
         <size>0x24</size>
         <input_file_ref idref="fl-4"/>
      </object_component>
      <object_component id="oc-805">
         <name>.const:.string:g_pui8CDCSerCommInterface</name>
         <load_address>0x3970</load_address>
         <run_address>0x3970</run_address>
         <size>0x23</size>
         <input_file_ref idref="fl-14"/>
      </object_component>
      <object_component id="oc-467">
         <name>.const:.string:g_pui8ProductString</name>
         <load_address>0x3993</load_address>
         <run_address>0x3993</run_address>
         <size>0x22</size>
         <input_file_ref idref="fl-4"/>
      </object_component>
      <object_component id="oc-2ef">
         <name>.const:g_ppui8StringDescriptors</name>
         <load_address>0x39b8</load_address>
         <run_address>0x39b8</run_address>
         <size>0x18</size>
         <input_file_ref idref="fl-4"/>
      </object_component>
      <object_component id="oc-80a">
         <name>.const:.string:g_pui8CDCSerDataInterface</name>
         <load_address>0x39d0</load_address>
         <run_address>0x39d0</run_address>
         <size>0x17</size>
         <input_file_ref idref="fl-14"/>
      </object_component>
      <object_component id="oc-832">
         <name>.const:.string:g_pui8CDCSerDataInterfaceHS</name>
         <load_address>0x39e7</load_address>
         <run_address>0x39e7</run_address>
         <size>0x17</size>
         <input_file_ref idref="fl-14"/>
      </object_component>
      <object_component id="oc-7ef">
         <name>.const:g_pui32Dii16Regs</name>
         <load_address>0x3a00</load_address>
         <run_address>0x3a00</run_address>
         <size>0x14</size>
         <input_file_ref idref="fl-c"/>
      </object_component>
      <object_component id="oc-283">
         <name>.const:g_pui32EnRegs</name>
         <load_address>0x3a14</load_address>
         <run_address>0x3a14</run_address>
         <size>0x14</size>
         <input_file_ref idref="fl-c"/>
      </object_component>
      <object_component id="oc-46a">
         <name>.const:.string:g_pui8SerialNumberString</name>
         <load_address>0x3a28</load_address>
         <run_address>0x3a28</run_address>
         <size>0x12</size>
         <input_file_ref idref="fl-4"/>
      </object_component>
      <object_component id="oc-535">
         <name>.const:g_sCDCCompSerConfigHeader</name>
         <load_address>0x3a3c</load_address>
         <run_address>0x3a3c</run_address>
         <size>0x8</size>
         <input_file_ref idref="fl-14"/>
      </object_component>
      <object_component id="oc-53a">
         <name>.const:g_sCDCCompSerConfigHeaderHS</name>
         <load_address>0x3a44</load_address>
         <run_address>0x3a44</run_address>
         <size>0x8</size>
         <input_file_ref idref="fl-14"/>
      </object_component>
      <object_component id="oc-78b">
         <name>.const:g_sCDCSerCommInterfaceSection</name>
         <load_address>0x3a4c</load_address>
         <run_address>0x3a4c</run_address>
         <size>0x8</size>
         <input_file_ref idref="fl-14"/>
      </object_component>
      <object_component id="oc-404">
         <name>.const:g_sCDCSerConfigHeader</name>
         <load_address>0x3a54</load_address>
         <run_address>0x3a54</run_address>
         <size>0x8</size>
         <input_file_ref idref="fl-14"/>
      </object_component>
      <object_component id="oc-530">
         <name>.const:g_sCDCSerConfigHeaderHS</name>
         <load_address>0x3a5c</load_address>
         <run_address>0x3a5c</run_address>
         <size>0x8</size>
         <input_file_ref idref="fl-14"/>
      </object_component>
      <object_component id="oc-788">
         <name>.const:g_sCDCSerConfigSection</name>
         <load_address>0x3a64</load_address>
         <run_address>0x3a64</run_address>
         <size>0x8</size>
         <input_file_ref idref="fl-14"/>
      </object_component>
      <object_component id="oc-78e">
         <name>.const:g_sCDCSerDataInterfaceSection</name>
         <load_address>0x3a6c</load_address>
         <run_address>0x3a6c</run_address>
         <size>0x8</size>
         <input_file_ref idref="fl-14"/>
      </object_component>
      <object_component id="oc-7dc">
         <name>.const:g_sCDCSerDataInterfaceSectionHS</name>
         <load_address>0x3a74</load_address>
         <run_address>0x3a74</run_address>
         <size>0x8</size>
         <input_file_ref idref="fl-14"/>
      </object_component>
      <object_component id="oc-7e1">
         <name>.const:g_sIADSerConfigSection</name>
         <load_address>0x3a7c</load_address>
         <run_address>0x3a7c</run_address>
         <size>0x8</size>
         <input_file_ref idref="fl-14"/>
      </object_component>
      <object_component id="oc-461">
         <name>.const:.string:g_pui8LangDescriptor</name>
         <load_address>0x3a84</load_address>
         <run_address>0x3a84</run_address>
         <size>0x4</size>
         <input_file_ref idref="fl-4"/>
      </object_component>
      <object_component id="oc-394">
         <name>.const:g_pCDCCompSerConfigDescriptors</name>
         <load_address>0x3a88</load_address>
         <run_address>0x3a88</run_address>
         <size>0x4</size>
         <input_file_ref idref="fl-14"/>
      </object_component>
      <object_component id="oc-397">
         <name>.const:g_pCDCCompSerConfigDescriptorsHS</name>
         <load_address>0x3a8c</load_address>
         <run_address>0x3a8c</run_address>
         <size>0x4</size>
         <input_file_ref idref="fl-14"/>
      </object_component>
      <object_component id="oc-27b">
         <name>.const:g_ppCDCSerConfigDescriptors</name>
         <load_address>0x3a90</load_address>
         <run_address>0x3a90</run_address>
         <size>0x4</size>
         <input_file_ref idref="fl-14"/>
      </object_component>
      <object_component id="oc-391">
         <name>.const:g_ppCDCSerConfigDescriptorsHS</name>
         <load_address>0x3a94</load_address>
         <run_address>0x3a94</run_address>
         <size>0x4</size>
         <input_file_ref idref="fl-14"/>
      </object_component>
      <object_component id="oc-87d">
         <name>.cinit..data.load</name>
         <load_address>0x3a98</load_address>
         <run_address>0x3a98</run_address>
         <size>0xa0</size>
      </object_component>
      <object_component id="oc-87b">
         <name>__TI_handler_table</name>
         <load_address>0x3b38</load_address>
         <run_address>0x3b38</run_address>
         <size>0xc</size>
      </object_component>
      <object_component id="oc-87e">
         <name>.cinit..bss.load</name>
         <load_address>0x3b48</load_address>
         <run_address>0x3b48</run_address>
         <size>0x8</size>
      </object_component>
      <object_component id="oc-87c">
         <name>__TI_cinit_table</name>
         <load_address>0x3b50</load_address>
         <run_address>0x3b50</run_address>
         <size>0x10</size>
      </object_component>
      <object_component id="oc-183">
         <name>.data</name>
         <load_address>0x20000730</load_address>
         <run_address>0x20000730</run_address>
         <size>0x6</size>
         <input_file_ref idref="fl-2"/>
      </object_component>
      <object_component id="oc-18c">
         <name>.data:g_sCDCDevice</name>
         <load_address>0x200005e0</load_address>
         <run_address>0x200005e0</run_address>
         <size>0x60</size>
         <input_file_ref idref="fl-4"/>
      </object_component>
      <object_component id="oc-189">
         <name>.data:g_sRxBuffer</name>
         <load_address>0x20000640</load_address>
         <run_address>0x20000640</run_address>
         <size>0x38</size>
         <input_file_ref idref="fl-4"/>
      </object_component>
      <object_component id="oc-186">
         <name>.data:g_sTxBuffer</name>
         <load_address>0x20000678</load_address>
         <run_address>0x20000678</run_address>
         <size>0x38</size>
         <input_file_ref idref="fl-4"/>
      </object_component>
      <object_component id="oc-263">
         <name>.data</name>
         <load_address>0x20000714</load_address>
         <run_address>0x20000714</run_address>
         <size>0x9</size>
         <input_file_ref idref="fl-11"/>
      </object_component>
      <object_component id="oc-fb">
         <name>.data</name>
         <load_address>0x200006fc</load_address>
         <run_address>0x200006fc</run_address>
         <size>0xc</size>
         <input_file_ref idref="fl-13"/>
      </object_component>
      <object_component id="oc-27e">
         <name>.data:g_pui8CDCSerDeviceDescriptor</name>
         <load_address>0x200006b0</load_address>
         <run_address>0x200006b0</run_address>
         <size>0x12</size>
         <input_file_ref idref="fl-14"/>
      </object_component>
      <object_component id="oc-278">
         <name>.data:g_pui8CDCSerDescriptor</name>
         <load_address>0x20000708</load_address>
         <run_address>0x20000708</run_address>
         <size>0x9</size>
         <input_file_ref idref="fl-14"/>
      </object_component>
      <object_component id="oc-837">
         <name>.data:g_pui8IADSerDescriptor</name>
         <load_address>0x2000071d</load_address>
         <run_address>0x2000071d</run_address>
         <size>0x8</size>
         <input_file_ref idref="fl-14"/>
      </object_component>
      <object_component id="oc-618">
         <name>.data:g_psCDCSerSections</name>
         <load_address>0x200006e4</load_address>
         <run_address>0x200006e4</run_address>
         <size>0xc</size>
         <input_file_ref idref="fl-14"/>
      </object_component>
      <object_component id="oc-6c9">
         <name>.data:g_psCDCSerSectionsHS</name>
         <load_address>0x200006f0</load_address>
         <run_address>0x200006f0</run_address>
         <size>0xc</size>
         <input_file_ref idref="fl-14"/>
      </object_component>
      <object_component id="oc-6ce">
         <name>.data:g_psCDCCompSerSections</name>
         <load_address>0x200006c4</load_address>
         <run_address>0x200006c4</run_address>
         <size>0x10</size>
         <input_file_ref idref="fl-14"/>
      </object_component>
      <object_component id="oc-6d3">
         <name>.data:g_psCDCCompSerSectionsHS</name>
         <load_address>0x200006d4</load_address>
         <run_address>0x200006d4</run_address>
         <size>0x10</size>
         <input_file_ref idref="fl-14"/>
      </object_component>
      <object_component id="oc-3a0">
         <name>.data</name>
         <load_address>0x200006c2</load_address>
         <run_address>0x200006c2</run_address>
         <size>0x2</size>
         <input_file_ref idref="fl-14"/>
      </object_component>
      <object_component id="oc-fe">
         <name>.data</name>
         <load_address>0x20000728</load_address>
         <run_address>0x20000728</run_address>
         <size>0x8</size>
         <input_file_ref idref="fl-15"/>
      </object_component>
      <object_component id="oc-266">
         <name>.bss</name>
         <uninitialized>true</uninitialized>
         <run_address>0x200003d4</run_address>
         <size>0x4</size>
         <input_file_ref idref="fl-11"/>
      </object_component>
      <object_component id="oc-327">
         <name>.bss:g_pui8DataBufferIn</name>
         <uninitialized>true</uninitialized>
         <run_address>0x20000360</run_address>
         <size>0x40</size>
         <input_file_ref idref="fl-15"/>
      </object_component>
      <object_component id="oc-3fe">
         <name>.bss</name>
         <uninitialized>true</uninitialized>
         <run_address>0x200003d0</run_address>
         <size>0x4</size>
         <input_file_ref idref="fl-15"/>
      </object_component>
      <object_component id="oc-578">
         <name>.bss:g_psUSBDMAInst</name>
         <uninitialized>true</uninitialized>
         <run_address>0x20000000</run_address>
         <size>0x110</size>
         <input_file_ref idref="fl-19"/>
      </object_component>
      <object_component id="oc-2e6">
         <name>.common:g_pui8USBRxBuffer</name>
         <uninitialized>true</uninitialized>
         <run_address>0x20000110</run_address>
         <size>0x100</size>
      </object_component>
      <object_component id="oc-2d5">
         <name>.common:g_pui8USBTxBuffer</name>
         <uninitialized>true</uninitialized>
         <run_address>0x20000210</run_address>
         <size>0x100</size>
      </object_component>
      <object_component id="oc-1dd">
         <name>.common:g_pfnTickHandlers</name>
         <uninitialized>true</uninitialized>
         <run_address>0x200003a0</run_address>
         <size>0x18</size>
      </object_component>
      <object_component id="oc-1e0">
         <name>.common:g_pvTickInstance</name>
         <uninitialized>true</uninitialized>
         <run_address>0x200003b8</run_address>
         <size>0x18</size>
      </object_component>
      <object_component id="oc-fa">
         <name>.common:g_psDCDInst</name>
         <uninitialized>true</uninitialized>
         <run_address>0x20000310</run_address>
         <size>0x50</size>
      </object_component>
      <object_component id="oc-f7">
         <name>.common:g_ppsDevInfo</name>
         <uninitialized>true</uninitialized>
         <run_address>0x200003d8</run_address>
         <size>0x4</size>
      </object_component>
      <object_component id="oc-24">
         <name>.stack</name>
         <uninitialized>true</uninitialized>
         <run_address>0x200003e0</run_address>
         <size>0x4</size>
         <input_file_ref idref="fl-d6"/>
      </object_component>
      <object_component id="oc-880">
         <name>.stack</name>
         <uninitialized>true</uninitialized>
         <run_address>0x200003e0</run_address>
         <size>0x0</size>
      </object_component>
      <object_component id="oc-111">
         <name>.debug_info</name>
         <load_address>0x0</load_address>
         <run_address>0x0</run_address>
         <size>0x847</size>
         <input_file_ref idref="fl-2"/>
      </object_component>
      <object_component id="oc-184">
         <name>.debug_info</name>
         <load_address>0x847</load_address>
         <run_address>0x847</run_address>
         <size>0x11b</size>
         <input_file_ref idref="fl-2"/>
      </object_component>
      <object_component id="oc-b7">
         <name>.debug_info</name>
         <load_address>0x962</load_address>
         <run_address>0x962</run_address>
         <size>0x781</size>
         <input_file_ref idref="fl-2"/>
      </object_component>
      <object_component id="oc-22a">
         <name>.debug_info</name>
         <load_address>0x10e3</load_address>
         <run_address>0x10e3</run_address>
         <size>0x33f</size>
         <input_file_ref idref="fl-2"/>
      </object_component>
      <object_component id="oc-22f">
[...]
         <name>g_sCDCSerCommInterfaceSection</name>
         <value>0x3a4c</value>
         <object_component_ref idref="oc-78b"/>
      </symbol>
      <symbol id="sm-5c2">
         <name>g_pCDCCompSerConfigDescriptorsHS</name>
         <value>0x3a8c</value>
         <object_component_ref idref="oc-397"/>
      </symbol>
      <symbol id="sm-5c3">
         <name>g_sIADSerConfigSection</name>
         <value>0x3a7c</value>
         <object_component_ref idref="oc-7e1"/>
      </symbol>
      <symbol id="sm-5c4">
         <name>g_ppCDCSerConfigDescriptors</name>
         <value>0x3a90</value>
         <object_component_ref idref="oc-27b"/>
      </symbol>
      <symbol id="sm-5c5">
         <name>g_pCDCCompSerConfigDescriptors</name>
         <value>0x3a88</value>
         <object_component_ref idref="oc-394"/>
      </symbol>
      <symbol id="sm-5c6">
         <name>g_sCDCSerDataInterfaceSectionHS</name>
         <value>0x3a74</value>
         <object_component_ref idref="oc-7dc"/>
      </symbol>
      <symbol id="sm-5c7">
         <name>USBDCDCCompositeInit</name>
         <value>0xff5</value>
         <object_component_ref idref="oc-26c"/>
      </symbol>
      <symbol id="sm-5c8">
         <name>USBDCDCTxPacketAvailable</name>
         <value>0x34e9</value>
         <object_component_ref idref="oc-2cf"/>
      </symbol>
      <symbol id="sm-5c9">
         <name>g_pui8CDCSerDataInterface</name>
         <value>0x39d0</value>
         <object_component_ref idref="oc-80a"/>
      </symbol>
      <symbol id="sm-5ca">
         <name>g_pui8IADSerDescriptor</name>
         <value>0x2000071d</value>
         <object_component_ref idref="oc-837"/>
      </symbol>
      <symbol id="sm-5cb">
         <name>g_sCDCSerDataInterfaceSection</name>
         <value>0x3a6c</value>
         <object_component_ref idref="oc-78e"/>
      </symbol>
      <symbol id="sm-5cc">
         <name>USBDCDCInit</name>
         <value>0x23a9</value>
         <object_component_ref idref="oc-147"/>
      </symbol>
      <symbol id="sm-5cd">
         <name>ProcessNotificationToHost</name>
         <value>0x2cad</value>
         <object_component_ref idref="oc-6b5"/>
      </symbol>
      <symbol id="sm-5ce">
         <name>g_sCDCSerConfigSection</name>
         <value>0x3a64</value>
         <object_component_ref idref="oc-788"/>
      </symbol>
      <symbol id="sm-5cf">
         <name>g_sCDCCompSerConfigHeaderHS</name>
         <value>0x3a44</value>
         <object_component_ref idref="oc-53a"/>
      </symbol>
      <symbol id="sm-5d0">
         <name>g_sCDCHandlers</name>
         <value>0x38f0</value>
         <object_component_ref idref="oc-38e"/>
      </symbol>
      <symbol id="sm-5d1">
         <name>g_psCDCSerSections</name>
         <value>0x200006e4</value>
         <object_component_ref idref="oc-618"/>
      </symbol>
      <symbol id="sm-5d2">
         <name>ProcessDataFromHost</name>
         <value>0x1c8d</value>
         <object_component_ref idref="oc-6bb"/>
      </symbol>
      <symbol id="sm-5d3">
         <name>USBDCDCRxPacketAvailable</name>
         <value>0x2e03</value>
         <object_component_ref idref="oc-2e0"/>
      </symbol>
      <symbol id="sm-5d4">
         <name>g_sCDCSerConfigHeaderHS</name>
         <value>0x3a5c</value>
         <object_component_ref idref="oc-530"/>
      </symbol>
      <symbol id="sm-5d5">
         <name>g_pui8CDCSerDescriptor</name>
         <value>0x20000708</value>
         <object_component_ref idref="oc-278"/>
      </symbol>
      <symbol id="sm-5d6">
         <name>g_ppCDCSerConfigDescriptorsHS</name>
         <value>0x3a94</value>
         <object_component_ref idref="oc-391"/>
      </symbol>
      <symbol id="sm-5d7">
         <name>ProcessDataToHost</name>
         <value>0x1ec1</value>
         <object_component_ref idref="oc-6c1"/>
      </symbol>
      <symbol id="sm-5d8">
         <name>USBDCDCPacketRead</name>
         <value>0x186d</value>
         <object_component_ref idref="oc-2da"/>
      </symbol>
      <symbol id="sm-5d9">
         <name>g_psCDCCompSerSectionsHS</name>
         <value>0x200006d4</value>
         <object_component_ref idref="oc-6d3"/>
      </symbol>
      <symbol id="sm-5da">
         <name>g_sCDCSerConfigHeader</name>
         <value>0x3a54</value>
         <object_component_ref idref="oc-404"/>
      </symbol>
      <symbol id="sm-5db">
         <name>g_psCDCSerSectionsHS</name>
         <value>0x200006f0</value>
         <object_component_ref idref="oc-6c9"/>
      </symbol>
      <symbol id="sm-5dc">
         <name>g_pui8CDCSerDeviceDescriptor</name>
         <value>0x200006b0</value>
         <object_component_ref idref="oc-27e"/>
      </symbol>
      <symbol id="sm-5dd">
         <name>g_pui8CDCSerCommInterface</name>
         <value>0x3970</value>
         <object_component_ref idref="oc-805"/>
      </symbol>
      <symbol id="sm-5de">
         <name>USBDCDCPacketWrite</name>
         <value>0x2191</value>
         <object_component_ref idref="oc-2c9"/>
      </symbol>
      <symbol id="sm-784">
         <name>g_psDCDInst</name>
         <value>0x20000310</value>
      </symbol>
      <symbol id="sm-785">
         <name>g_ppsDevInfo</name>
         <value>0x200003d8</value>
      </symbol>
      <symbol id="sm-786">
         <name>USBDCDSendDataEP0</name>
         <value>0x3511</value>
         <object_component_ref idref="oc-69d"/>
      </symbol>
      <symbol id="sm-787">
         <name>USBDCDStallEP0</name>
         <value>0x3261</value>
         <object_component_ref idref="oc-321"/>
      </symbol>
      <symbol id="sm-788">
         <name>USBDCDRequestDataEP0</name>
         <value>0x34fd</value>
         <object_component_ref idref="oc-6a3"/>
      </symbol>
      <symbol id="sm-789">
         <name>USBDeviceEnumHandler</name>
         <value>0x10d1</value>
         <object_component_ref idref="oc-eb"/>
      </symbol>
      <symbol id="sm-78a">
         <name>USBDCDInit</name>
         <value>0x6d9</value>
         <object_component_ref idref="oc-272"/>
      </symbol>
      <symbol id="sm-78b">
         <name>USBDeviceEnumResetHandler</name>
         <value>0x27d1</value>
         <object_component_ref idref="oc-c7"/>
      </symbol>
      <symbol id="sm-78c">
         <name>USBDCDFeatureGet</name>
         <value>0x3385</value>
         <object_component_ref idref="oc-376"/>
      </symbol>
      <symbol id="sm-78d">
         <name>USBDCDDeviceInfoInit</name>
         <value>0x2789</value>
         <object_component_ref idref="oc-37c"/>
      </symbol>
      <symbol id="sm-78e">
         <name>USBDeviceIntHandlerInternal</name>
         <value>0x979</value>
         <object_component_ref idref="oc-7a"/>
      </symbol>
      <symbol id="sm-78f">
         <name>USBDeviceResumeTickHandler</name>
         <value>0x2449</value>
         <object_component_ref idref="oc-cd"/>
      </symbol>
      <symbol id="sm-79b">
         <name>USB0DeviceIntHandler</name>
         <value>0x3355</value>
         <object_component_ref idref="oc-2d"/>
      </symbol>
      <symbol id="sm-7ba">
         <name>USBDescGet</name>
         <value>0x2eb7</value>
         <object_component_ref idref="oc-80f"/>
      </symbol>
      <symbol id="sm-7bb">
         <name>USBDescGetNum</name>
         <value>0x2f39</value>
         <object_component_ref idref="oc-7bf"/>
      </symbol>
      <symbol id="sm-900">
         <name>USBLibDMAInit</name>
         <value>0x575</value>
         <object_component_ref idref="oc-3e6"/>
      </symbol>
      <symbol id="sm-90d">
         <name>ULPIConfigSet</name>
         <value>0x2305</value>
         <object_component_ref idref="oc-3bc"/>
      </symbol>
      <symbol id="sm-95d">
         <name>USBDCDConfigDescGet</name>
         <value>0x23f9</value>
         <object_component_ref idref="oc-799"/>
      </symbol>
      <symbol id="sm-95e">
         <name>USBDCDConfigGetInterface</name>
         <value>0x3243</value>
         <object_component_ref idref="oc-680"/>
      </symbol>
      <symbol id="sm-95f">
         <name>USBDCDConfigDescGetSize</name>
         <value>0x3307</value>
         <object_component_ref idref="oc-32e"/>
      </symbol>
      <symbol id="sm-960">
         <name>USBDCDConfigGetInterfaceEndpoint</name>
         <value>0x2a95</value>
         <object_component_ref idref="oc-79f"/>
      </symbol>
      <symbol id="sm-961">
         <name>USBDCDConfigDescGetNum</name>
         <value>0x2e8b</value>
         <object_component_ref idref="oc-67a"/>
      </symbol>
      <symbol id="sm-9ae">
         <name>USBDeviceConfigAlternate</name>
         <value>0x198d</value>
         <object_component_ref idref="oc-686"/>
      </symbol>
      <symbol id="sm-9af">
         <name>USBDeviceConfig</name>
         <value>0xac9</value>
         <object_component_ref idref="oc-672"/>
      </symbol>
      <symbol id="sm-9c9">
         <name>__TI_zero_init_nomemset</name>
         <value>0x32d1</value>
         <object_component_ref idref="oc-4d"/>
      </symbol>
      <symbol id="sm-9e0">
         <name>__TI_decompress_none</name>
         <value>0x3691</value>
         <object_component_ref idref="oc-1b"/>
      </symbol>
      <symbol id="sm-a03">
         <name>__TI_decompress_lzss</name>
         <value>0x1ffd</value>
         <object_component_ref idref="oc-15"/>
      </symbol>
      <symbol id="sm-a16">
         <name>__stack</name>
         <value>0x200003e0</value>
         <object_component_ref idref="oc-24"/>
      </symbol>
      <symbol id="sm-a17">
         <name>_c_int00_noargs</name>
         <value>0x2c45</value>
         <object_component_ref idref="oc-5f"/>
      </symbol>
      <symbol id="sm-a33">
         <name>memcpy</name>
         <value>0x157d</value>
         <object_component_ref idref="oc-41"/>
      </symbol>
      <symbol id="sm-a34">
         <name>__aeabi_memcpy</name>
         <value>0x157d</value>
         <object_component_ref idref="oc-41"/>
      </symbol>
      <symbol id="sm-a35">
         <name>__aeabi_memcpy8</name>
         <value>0x157d</value>
         <object_component_ref idref="oc-41"/>
      </symbol>
      <symbol id="sm-a36">
         <name>__aeabi_memcpy4</name>
         <value>0x157d</value>
         <object_component_ref idref="oc-41"/>
      </symbol>
      <symbol id="sm-a5e">
         <name>__TI_auto_init_nobinit_nopinit</name>
         <value>0x2931</value>
         <object_component_ref idref="oc-19c"/>
      </symbol>
      <symbol id="sm-a68">
         <name>_system_pre_init</name>
         <value>0x3781</value>
         <object_component_ref idref="oc-ad"/>
      </symbol>
      <symbol id="sm-a74">
         <name>C$$EXIT</name>
         <value>0x3785</value>
         <object_component_ref idref="oc-190"/>
      </symbol>
      <symbol id="sm-a75">
         <name>abort</name>
         <value>0x3785</value>
         <object_component_ref idref="oc-190"/>
      </symbol>
      <symbol id="sm-ac3">
         <name>uDMAChannelControlSet</name>
         <value>0x30e1</value>
         <object_component_ref idref="oc-6e3"/>
      </symbol>
      <symbol id="sm-ac4">
         <name>uDMAChannelDisable</name>
         <value>0x33cd</value>
         <object_component_ref idref="oc-6fd"/>
      </symbol>
      <symbol id="sm-ac5">
         <name>uDMAChannelModeGet</name>
         <value>0x3005</value>
         <object_component_ref idref="oc-722"/>
      </symbol>
      <symbol id="sm-ac6">
         <name>uDMAChannelTransferSet</name>
         <value>0x1b1d</value>
         <object_component_ref idref="oc-731"/>
      </symbol>
      <symbol id="sm-ac7">
         <name>uDMAChannelAttributeDisable</name>
         <value>0x2819</value>
         <object_component_ref idref="oc-6f0"/>
      </symbol>
      <symbol id="sm-ac8">
         <name>uDMAChannelEnable</name>
         <value>0x33e5</value>
         <object_component_ref idref="oc-716"/>
      </symbol>
      <symbol id="sm-c77">
         <name>USBLPMIntEnable</name>
         <value>0x36c3</value>
         <object_component_ref idref="oc-3e0"/>
      </symbol>
      <symbol id="sm-c78">
         <name>USBEndpointDataAvail</name>
         <value>0x327d</value>
         <object_component_ref idref="oc-440"/>
      </symbol>
      <symbol id="sm-c79">
         <name>USBClockEnable</name>
         <value>0x36e7</value>
         <object_component_ref idref="oc-3b0"/>
      </symbol>
      <symbol id="sm-c7a">
         <name>USBDevDisconnect</name>
         <value>0x3719</value>
         <object_component_ref idref="oc-f1"/>
      </symbol>
      <symbol id="sm-c7b">
         <name>USBDevEndpointStallClear</name>
         <value>0x26f3</value>
         <object_component_ref idref="oc-660"/>
      </symbol>
      <symbol id="sm-c7c">
         <name>USBEndpointDataPut</name>
         <value>0x2b3d</value>
         <object_component_ref idref="oc-334"/>
      </symbol>
      <symbol id="sm-c7d">
         <name>USBDMAChannelIntStatus</name>
         <value>0x3761</value>
         <object_component_ref idref="oc-754"/>
      </symbol>
      <symbol id="sm-c7e">
         <name>USBDevAddrSet</name>
         <value>0x377d</value>
         <object_component_ref idref="oc-1f1"/>
      </symbol>
      <symbol id="sm-c7f">
         <name>USBDMAChannelCountSet</name>
         <value>0x3705</value>
         <object_component_ref idref="oc-76f"/>
      </symbol>
      <symbol id="sm-c80">
         <name>USBLPMIntStatus</name>
         <value>0x376d</value>
         <object_component_ref idref="oc-d9"/>
      </symbol>
      <symbol id="sm-c81">
         <name>USBDMAChannelAddressSet</name>
         <value>0x36fb</value>
         <object_component_ref idref="oc-769"/>
      </symbol>
      <symbol id="sm-c82">
         <name>USBULPIDisable</name>
         <value>0x3675</value>
         <object_component_ref idref="oc-3c2"/>
      </symbol>
      <symbol id="sm-c83">
         <name>USBIntStatusControl</name>
         <value>0x2acd</value>
         <object_component_ref idref="oc-74"/>
      </symbol>
      <symbol id="sm-c84">
         <name>USBEndpointDMADisable</name>
         <value>0x3075</value>
         <object_component_ref idref="oc-6f6"/>
      </symbol>
      <symbol id="sm-c85">
         <name>USBDevEndpointDataAck</name>
         <value>0x2f63</value>
         <object_component_ref idref="oc-1fd"/>
      </symbol>
      <symbol id="sm-c86">
         <name>USBOTGMode</name>
         <value>0x373d</value>
         <object_component_ref idref="oc-3c8"/>
      </symbol>
      <symbol id="sm-c87">
         <name>USBDMAChannelConfigSet</name>
         <value>0x3525</value>
         <object_component_ref idref="oc-775"/>
      </symbol>
      <symbol id="sm-c88">
         <name>USBULPIRegRead</name>
         <value>0x3207</value>
         <object_component_ref idref="oc-55e"/>
      </symbol>
      <symbol id="sm-c89">
         <name>USBDevMode</name>
         <value>0x372d</value>
         <object_component_ref idref="oc-3ce"/>
      </symbol>
      <symbol id="sm-c8a">
         <name>USBIntEnableEndpoint</name>
         <value>0x3455</value>
         <object_component_ref idref="oc-3f2"/>
      </symbol>
      <symbol id="sm-c8b">
         <name>USBEndpointDataGet</name>
         <value>0x28a7</value>
         <object_component_ref idref="oc-1f7"/>
      </symbol>
      <symbol id="sm-c8c">
         <name>USBDevEndpointStatusClear</name>
         <value>0x2251</value>
         <object_component_ref idref="oc-1eb"/>
      </symbol>
      <symbol id="sm-c8d">
         <name>USBULPIEnable</name>
         <value>0x3683</value>
         <object_component_ref idref="oc-3b6"/>
      </symbol>
      <symbol id="sm-c8e">
         <name>USBFIFOAddrGet</name>
         <value>0x3735</value>
         <object_component_ref idref="oc-72b"/>
      </symbol>
      <symbol id="sm-c8f">
         <name>USBDMAChannelStatus</name>
         <value>0x364b</value>
         <object_component_ref idref="oc-74d"/>
      </symbol>
      <symbol id="sm-c90">
         <name>USBULPIRegWrite</name>
         <value>0x3225</value>
         <object_component_ref idref="oc-564"/>
      </symbol>
      <symbol id="sm-c91">
         <name>USBDMAChannelIntEnable</name>
         <value>0x35bb</value>
         <object_component_ref idref="oc-75b"/>
      </symbol>
      <symbol id="sm-c92">
         <name>USBDevLPMConfig</name>
         <value>0x3767</value>
         <object_component_ref idref="oc-3da"/>
      </symbol>
      <symbol id="sm-c93">
         <name>USBDevLPMEnable</name>
         <value>0x3667</value>
         <object_component_ref idref="oc-df"/>
      </symbol>
      <symbol id="sm-c94">
         <name>USBControllerVersion</name>
         <value>0x36f1</value>
         <object_component_ref idref="oc-572"/>
      </symbol>
      <symbol id="sm-c95">
         <name>USBFIFOConfigSet</name>
         <value>0x29b1</value>
         <object_component_ref idref="oc-7b7"/>
      </symbol>
      <symbol id="sm-c96">
         <name>USBEndpointDMAEnable</name>
         <value>0x3099</value>
         <object_component_ref idref="oc-710"/>
      </symbol>
      <symbol id="sm-c97">
         <name>USBDevLPMDisable</name>
         <value>0x3659</value>
         <object_component_ref idref="oc-3d4"/>
      </symbol>
      <symbol id="sm-c98">
         <name>USBEndpointDataSend</name>
         <value>0x2c11</value>
         <object_component_ref idref="oc-33a"/>
      </symbol>
      <symbol id="sm-c99">
         <name>USBIntStatusEndpoint</name>
         <value>0x3723</value>
         <object_component_ref idref="oc-e5"/>
      </symbol>
      <symbol id="sm-c9a">
         <name>USBEndpointStatus</name>
         <value>0x35ff</value>
         <object_component_ref idref="oc-1e5"/>
      </symbol>
      <symbol id="sm-c9b">
         <name>USBEndpointPacketCountSet</name>
         <value>0x36b7</value>
         <object_component_ref idref="oc-737"/>
      </symbol>
      <symbol id="sm-c9c">
         <name>USBDMAChannelIntDisable</name>
         <value>0x35a9</value>
         <object_component_ref idref="oc-762"/>
      </symbol>
      <symbol id="sm-c9d">
         <name>USBEndpointDMAConfigSet</name>
         <value>0x257d</value>
         <object_component_ref idref="oc-73d"/>
      </symbol>
      <symbol id="sm-c9e">
         <name>USBDevEndpointStall</name>
         <value>0x2cdf</value>
         <object_component_ref idref="oc-496"/>
      </symbol>
      <symbol id="sm-c9f">
         <name>USBDevConnect</name>
         <value>0x370f</value>
         <object_component_ref idref="oc-3f8"/>
      </symbol>
      <symbol id="sm-ca0">
         <name>USBDevEndpointConfigSet</name>
         <value>0x1b99</value>
         <object_component_ref idref="oc-7ab"/>
      </symbol>
      <symbol id="sm-ca1">
         <name>USBDMAChannelDisable</name>
         <value>0x3585</value>
         <object_component_ref idref="oc-746"/>
      </symbol>
      <symbol id="sm-ca2">
         <name>USBDMAChannelEnable</name>
         <value>0x3597</value>
         <object_component_ref idref="oc-77b"/>
      </symbol>
      <symbol id="sm-ca3">
         <name>USBHostResume</name>
         <value>0x3539</value>
         <object_component_ref idref="oc-1d6"/>
      </symbol>
      <symbol id="sm-ca4">
         <name>USBIntEnableControl</name>
         <value>0x2fdd</value>
         <object_component_ref idref="oc-3ec"/>
      </symbol>
      <symbol id="sm-ca5">
         <name>USBEndpointDMAChannel</name>
         <value>0x3321</value>
         <object_component_ref idref="oc-6ea"/>
      </symbol>
      <symbol id="sm-ca6">
         <name>__TI_static_base__</name>
         <value>0x0</value>
      </symbol>
      <symbol id="sm-ca9">
         <name>__mpu_init</name>
         <value>0x0</value>
      </symbol>
      <symbol id="sm-caa">
         <name>_system_post_cinit</name>
         <value>0x0</value>
      </symbol>
   </symbol_table>
   <title>Link successful</title>
</link_info>
