<?xml version="1.0" encoding="ISO-8859-1" ?>
<link_info>
   <banner>TI ARM Linker PC v20.2.1.LTS</banner>
   <copyright>Copyright (c) 1996-2018 Texas Instruments Incorporated</copyright>
   <link_time>0x5febe0e2</link_time>
   <link_errors>0x0</link_errors>
   <output_file>USB_test.out</output_file>
   <entry_point>
      <name>_c_int00_noargs</name>
      <address>0x2c41</address>
   </entry_point>
   <input_file_list>
      <input_file id="fl-2">
         <path>.\</path>
         <kind>object</kind>
         <file>main.obj</file>
         <name>main.obj</name>
      </input_file>
      <input_file id="fl-3">
         <path>.\</path>
         <kind>object</kind>
         <file>tm4c123gh6pm_startup_ccs.obj</file>
         <name>tm4c123gh6pm_startup_ccs.obj</name>
      </input_file>
      <input_file id="fl-4">
         <path>.\</path>
         <kind>object</kind>
         <file>usb_serial_structs.obj</file>
         <name>usb_serial_structs.obj</name>
      </input_file>
      <input_file id="fl-a">
         <kind>object</kind>
         <file>&lt;internal&gt;</file>
         <name>&lt;internal&gt;</name>
      </input_file>
      <input_file id="fl-b">
         <path>C:\ti\TivaWare_C_Series-2.2.0.295\driverlib\ccs\Debug\</path>
         <kind>archive</kind>
         <file>driverlib.lib</file>
         <name>gpio.obj</name>
      </input_file>
      <input_file id="fl-c">
         <path>C:\ti\TivaWare_C_Series-2.2.0.295\driverlib\ccs\Debug\</path>
         <kind>archive</kind>
         <file>driverlib.lib</file>
         <name>interrupt.obj</name>
      </input_file>
      <input_file id="fl-d">
         <path>C:\ti\TivaWare_C_Series-2.2.0.295\driverlib\ccs\Debug\</path>
         <kind>archive</kind>
         <file>driverlib.lib</file>
         <name>sysctl.obj</name>
      </input_file>
      <input_file id="fl-e">
         <path>C:\ti\TivaWare_C_Series-2.2.0.295\driverlib\ccs\Debug\</path>
         <kind>archive</kind>
         <file>driverlib.lib</file>
         <name>uart.obj</name>
      </input_file>
      <input_file id="fl-f">
         <path>C:\ti\TivaWare_C_Series-2.2.0.295\driverlib\ccs\Debug\</path>
         <kind>archive</kind>
         <file>driverlib.lib</file>
         <name>cpu.obj</name>
      </input_file>
      <input_file id="fl-10">
         <path>..\</path>
         <kind>archive</kind>
         <file>usblib.lib</file>
         <name>usbbuffer.obj</name>
      </input_file>
      <input_file id="fl-11">
         <path>..\</path>
         <kind>archive</kind>
         <file>usblib.lib</file>
         <name>usbmode.obj</name>
      </input_file>
      <input_file id="fl-12">
         <path>..\</path>
         <kind>archive</kind>
         <file>usblib.lib</file>
         <name>usbringbuf.obj</name>
      </input_file>
      <input_file id="fl-13">
         <path>..\</path>
         <kind>archive</kind>
         <file>usblib.lib</file>
         <name>usbtick.obj</name>
      </input_file>
      <input_file id="fl-14">
         <path>..\</path>
         <kind>archive</kind>
         <file>usblib.lib</file>
         <name>usbdcdc.obj</name>
      </input_file>
      <input_file id="fl-15">
         <path>..\</path>
         <kind>archive</kind>
         <file>usblib.lib</file>
         <name>usbdenum.obj</name>
      </input_file>
      <input_file id="fl-16">
         <path>..\</path>
         <kind>archive</kind>
         <file>usblib.lib</file>
         <name>usbdhandler.obj</name>
      </input_file>
      <input_file id="fl-17">
         <path>..\</path>
         <kind>archive</kind>
         <file>usblib.lib</file>
         <name>usbhostenum.obj</name>
      </input_file>
      <input_file id="fl-18">
         <path>..\</path>
         <kind>archive</kind>
         <file>usblib.lib</file>
         <name>usbdesc.obj</name>
      </input_file>
      <input_file id="fl-19">
         <path>..\</path>
         <kind>archive</kind>
         <file>usblib.lib</file>
         <name>usbdma.obj</name>
      </input_file>
      <input_file id="fl-1a">
         <path>..\</path>
         <kind>archive</kind>
         <file>usblib.lib</file>
         <name>usbulpi.obj</name>
      </input_file>
      <input_file id="fl-1b">
         <path>..\</path>
         <kind>archive</kind>
         <file>usblib.lib</file>
         <name>usbdcdesc.obj</name>
      </input_file>
      <input_file id="fl-1c">
         <path>..\</path>
         <kind>archive</kind>
         <file>usblib.lib</file>
         <name>usbdconfig.obj</name>
      </input_file>
      <input_file id="fl-1d">
         <path>..\</path>
         <kind>archive</kind>
         <file>usblib.lib</file>
         <name>usbhhub.obj</name>
      </input_file>
      <input_file id="fl-d3">
         <path>C:\ti\ccs1010\ccs\tools\compiler\ti-cgt-arm_20.2.1.LTS\lib\</path>
         <kind>archive</kind>
         <file>rtsv7M4_T_le_v4SPD16_eabi.lib</file>
         <name>copy_zero_init.c.obj</name>
      </input_file>
      <input_file id="fl-d4">
         <path>C:\ti\ccs1010\ccs\tools\compiler\ti-cgt-arm_20.2.1.LTS\lib\</path>
         <kind>archive</kind>
         <file>rtsv7M4_T_le_v4SPD16_eabi.lib</file>
         <name>copy_decompress_none.c.obj</name>
      </input_file>
      <input_file id="fl-d5">
         <path>C:\ti\ccs1010\ccs\tools\compiler\ti-cgt-arm_20.2.1.LTS\lib\</path>
         <kind>archive</kind>
         <file>rtsv7M4_T_le_v4SPD16_eabi.lib</file>
         <name>copy_decompress_lzss.c.obj</name>
      </input_file>
      <input_file id="fl-d6">
         <path>C:\ti\ccs1010\ccs\tools\compiler\ti-cgt-arm_20.2.1.LTS\lib\</path>
         <kind>archive</kind>
         <file>rtsv7M4_T_le_v4SPD16_eabi.lib</file>
         <name>boot_cortex_m.c.obj</name>
      </input_file>
      <input_file id="fl-d7">
         <path>C:\ti\ccs1010\ccs\tools\compiler\ti-cgt-arm_20.2.1.LTS\lib\</path>
         <kind>archive</kind>
         <file>rtsv7M4_T_le_v4SPD16_eabi.lib</file>
         <name>memset_t2.asm.obj</name>
      </input_file>
      <input_file id="fl-d8">
         <path>C:\ti\ccs1010\ccs\tools\compiler\ti-cgt-arm_20.2.1.LTS\lib\</path>
         <kind>archive</kind>
         <file>rtsv7M4_T_le_v4SPD16_eabi.lib</file>
         <name>memcpy_t2.asm.obj</name>
      </input_file>
      <input_file id="fl-d9">
         <path>C:\ti\ccs1010\ccs\tools\compiler\ti-cgt-arm_20.2.1.LTS\lib\</path>
         <kind>archive</kind>
         <file>rtsv7M4_T_le_v4SPD16_eabi.lib</file>
         <name>autoinit.c.obj</name>
      </input_file>
      <input_file id="fl-da">
         <path>C:\ti\ccs1010\ccs\tools\compiler\ti-cgt-arm_20.2.1.LTS\lib\</path>
         <kind>archive</kind>
         <file>rtsv7M4_T_le_v4SPD16_eabi.lib</file>
         <name>pre_init.c.obj</name>
      </input_file>
      <input_file id="fl-db">
         <path>C:\ti\ccs1010\ccs\tools\compiler\ti-cgt-arm_20.2.1.LTS\lib\</path>
         <kind>archive</kind>
         <file>rtsv7M4_T_le_v4SPD16_eabi.lib</file>
         <name>cpy_tbl.c.obj</name>
      </input_file>
      <input_file id="fl-dc">
         <path>C:\ti\ccs1010\ccs\tools\compiler\ti-cgt-arm_20.2.1.LTS\lib\</path>
         <kind>archive</kind>
         <file>rtsv7M4_T_le_v4SPD16_eabi.lib</file>
         <name>exit.c.obj</name>
      </input_file>
      <input_file id="fl-dd">
         <path>C:\ti\ccs1010\ccs\tools\compiler\ti-cgt-arm_20.2.1.LTS\lib\</path>
         <kind>archive</kind>
         <file>rtsv7M4_T_le_v4SPD16_eabi.lib</file>
         <name>_lock.c.obj</name>
      </input_file>
      <input_file id="fl-de">
         <path>C:\ti\ccs1010\ccs\tools\compiler\ti-cgt-arm_20.2.1.LTS\lib\</path>
         <kind>archive</kind>
         <file>rtsv7M4_T_le_v4SPD16_eabi.lib</file>
         <name>args_main.c.obj</name>
      </input_file>
      <input_file id="fl-df">
         <path>C:\ti\TivaWare_C_Series-2.2.0.295\driverlib\ccs\Debug\</path>
         <kind>archive</kind>
         <file>driverlib.lib</file>
         <name>udma.obj</name>
      </input_file>
      <input_file id="fl-e0">
         <path>C:\ti\TivaWare_C_Series-2.2.0.295\driverlib\ccs\Debug\</path>
         <kind>archive</kind>
         <file>driverlib.lib</file>
         <name>usb.obj</name>
      </input_file>
   </input_file_list>
   <object_component_list>
      <object_component id="oc-12">
         <name>.intvecs</name>
         <load_address>0x0</load_address>
         <run_address>0x0</run_address>
         <size>0x26c</size>
         <input_file_ref idref="fl-3"/>
      </object_component>
      <object_component id="oc-b3">
         <name>.text</name>
         <load_address>0x26c</load_address>
         <run_address>0x26c</run_address>
         <size>0x198</size>
         <input_file_ref idref="fl-2"/>
      </object_component>
      <object_component id="oc-25b">
         <name>.text:GPIOPadConfigSet</name>
         <load_address>0x404</load_address>
         <run_address>0x404</run_address>
         <size>0x16c</size>
         <input_file_ref idref="fl-b"/>
      </object_component>
      <object_component id="oc-3ed">
         <name>.text:USBLibDMAInit</name>
         <load_address>0x570</load_address>
         <run_address>0x570</run_address>
         <size>0x164</size>
         <input_file_ref idref="fl-19"/>
      </object_component>
      <object_component id="oc-278">
         <name>.text:USBDCDInit</name>
         <load_address>0x6d4</load_address>
         <run_address>0x6d4</run_address>
         <size>0x150</size>
         <input_file_ref idref="fl-15"/>
      </object_component>
      <object_component id="oc-20f">
         <name>.text:USBDEP0StateTxConfig</name>
         <load_address>0x824</load_address>
         <run_address>0x824</run_address>
         <size>0x150</size>
         <input_file_ref idref="fl-15"/>
      </object_component>
      <object_component id="oc-7a">
         <name>.text:USBDeviceIntHandlerInternal</name>
         <load_address>0x974</load_address>
         <run_address>0x974</run_address>
         <size>0x150</size>
         <input_file_ref idref="fl-15"/>
      </object_component>
      <object_component id="oc-679">
         <name>.text:USBDeviceConfig</name>
         <load_address>0xac4</load_address>
         <run_address>0xac4</run_address>
         <size>0x148</size>
         <input_file_ref idref="fl-1c"/>
      </object_component>
      <object_component id="oc-15f">
         <name>.text:SysCtlClockGet</name>
         <load_address>0xc0c</load_address>
         <run_address>0xc0c</run_address>
         <size>0x118</size>
         <input_file_ref idref="fl-d"/>
      </object_component>
      <object_component id="oc-129">
         <name>.text:SysCtlClockSet</name>
         <load_address>0xd24</load_address>
         <run_address>0xd24</run_address>
         <size>0xf4</size>
         <input_file_ref idref="fl-d"/>
      </object_component>
      <object_component id="oc-5fa">
         <name>.text:iDMAUSBTransfer</name>
         <load_address>0xe18</load_address>
         <run_address>0xe18</run_address>
         <size>0xf4</size>
         <input_file_ref idref="fl-19"/>
      </object_component>
      <object_component id="oc-4be">
         <name>.text:USBDGetDescriptor</name>
         <load_address>0xf0c</load_address>
         <run_address>0xf0c</run_address>
         <size>0xe4</size>
         <input_file_ref idref="fl-15"/>
      </object_component>
      <object_component id="oc-272">
         <name>.text:USBDCDCCompositeInit</name>
         <load_address>0xff0</load_address>
         <run_address>0xff0</run_address>
         <size>0xdc</size>
         <input_file_ref idref="fl-14"/>
      </object_component>
      <object_component id="oc-eb">
         <name>.text:USBDeviceEnumHandler</name>
         <load_address>0x10cc</load_address>
         <run_address>0x10cc</run_address>
         <size>0xd8</size>
         <input_file_ref idref="fl-15"/>
      </object_component>
      <object_component id="oc-505">
         <name>.text:HandleRequests</name>
         <load_address>0x11a4</load_address>
         <run_address>0x11a4</run_address>
         <size>0xd4</size>
         <input_file_ref idref="fl-14"/>
      </object_component>
      <object_component id="oc-588">
         <name>.text:uDMAUSBChannelAllocate</name>
         <load_address>0x1278</load_address>
         <run_address>0x1278</run_address>
         <size>0xd0</size>
         <input_file_ref idref="fl-19"/>
      </object_component>
      <object_component id="oc-461">
         <name>.text:HandleRxAvailable</name>
         <load_address>0x1348</load_address>
         <run_address>0x1348</run_address>
         <size>0xc0</size>
         <input_file_ref idref="fl-10"/>
      </object_component>
      <object_component id="oc-5ca">
         <name>.text:uDMAUSBTransfer</name>
         <load_address>0x1408</load_address>
         <run_address>0x1408</run_address>
         <size>0xbc</size>
         <input_file_ref idref="fl-19"/>
      </object_component>
      <object_component id="oc-52f">
         <name>.text:HandleDevice</name>
         <load_address>0x14c4</load_address>
         <run_address>0x14c4</run_address>
         <size>0xb4</size>
         <input_file_ref idref="fl-14"/>
      </object_component>
      <object_component id="oc-41">
         <name>.text</name>
         <load_address>0x1578</load_address>
         <run_address>0x1578</run_address>
         <size>0x9c</size>
         <input_file_ref idref="fl-d8"/>
      </object_component>
      <object_component id="oc-4dc">
         <name>.text:USBDSetInterface</name>
         <load_address>0x1614</load_address>
         <run_address>0x1614</run_address>
         <size>0x98</size>
         <input_file_ref idref="fl-15"/>
      </object_component>
      <object_component id="oc-3a1">
         <name>.text:CDCTickHandler</name>
         <load_address>0x16ac</load_address>
         <run_address>0x16ac</run_address>
         <size>0x96</size>
         <input_file_ref idref="fl-14"/>
      </object_component>
      <object_component id="oc-7da">
         <name>.text:SendSerialState</name>
         <load_address>0x1742</load_address>
         <run_address>0x1742</run_address>
         <size>0x94</size>
         <input_file_ref idref="fl-14"/>
      </object_component>
      <object_component id="oc-2c6">
         <name>.text:ScheduleNextTransmission</name>
         <load_address>0x17d6</load_address>
         <run_address>0x17d6</run_address>
         <size>0x92</size>
         <input_file_ref idref="fl-10"/>
      </object_component>
      <object_component id="oc-2e1">
         <name>.text:USBDCDCPacketRead</name>
         <load_address>0x1868</load_address>
         <run_address>0x1868</run_address>
         <size>0x90</size>
         <input_file_ref idref="fl-14"/>
      </object_component>
      <object_component id="oc-4d0">
         <name>.text:USBDSetConfiguration</name>
         <load_address>0x18f8</load_address>
         <run_address>0x18f8</run_address>
         <size>0x90</size>
         <input_file_ref idref="fl-15"/>
      </object_component>
      <object_component id="oc-68d">
         <name>.text:USBDeviceConfigAlternate</name>
         <load_address>0x1988</load_address>
         <run_address>0x1988</run_address>
         <size>0x8c</size>
         <input_file_ref idref="fl-1c"/>
      </object_component>
      <object_component id="oc-5dc">
         <name>.text:iDMAUSBChannelAllocate</name>
         <load_address>0x1a14</load_address>
         <run_address>0x1a14</run_address>
         <size>0x88</size>
         <input_file_ref idref="fl-19"/>
      </object_component>
      <object_component id="oc-4ac">
         <name>.text:USBDClearFeature</name>
         <load_address>0x1a9c</load_address>
         <run_address>0x1a9c</run_address>
         <size>0x7c</size>
         <input_file_ref idref="fl-15"/>
      </object_component>
      <object_component id="oc-738">
         <name>.text:uDMAChannelTransferSet</name>
         <load_address>0x1b18</load_address>
         <run_address>0x1b18</run_address>
         <size>0x7c</size>
         <input_file_ref idref="fl-df"/>
      </object_component>
      <object_component id="oc-7b2">
         <name>.text:USBDevEndpointConfigSet</name>
         <load_address>0x1b94</load_address>
         <run_address>0x1b94</run_address>
         <size>0x7a</size>
         <input_file_ref idref="fl-e0"/>
      </object_component>
      <object_component id="oc-5d6">
         <name>.text:iDMAUSBArbSizeSet</name>
         <load_address>0x1c0e</load_address>
         <run_address>0x1c0e</run_address>
         <size>0x2</size>
         <input_file_ref idref="fl-19"/>
      </object_component>
      <object_component id="oc-4a6">
         <name>.text:USBDGetStatus</name>
         <load_address>0x1c10</load_address>
         <run_address>0x1c10</run_address>
         <size>0x78</size>
         <input_file_ref idref="fl-15"/>
      </object_component>
      <object_component id="oc-6c2">
         <name>.text:ProcessDataFromHost</name>
         <load_address>0x1c88</load_address>
         <run_address>0x1c88</run_address>
         <size>0x72</size>
         <input_file_ref idref="fl-14"/>
      </object_component>
      <object_component id="oc-5d0">
         <name>.text:uDMAUSBUnitSizeSet</name>
         <load_address>0x1cfa</load_address>
         <run_address>0x1cfa</run_address>
         <size>0x72</size>
         <input_file_ref idref="fl-19"/>
      </object_component>
      <object_component id="oc-215">
         <name>.text:USBDEP0StateTx</name>
         <load_address>0x1d6c</load_address>
         <run_address>0x1d6c</run_address>
         <size>0x70</size>
         <input_file_ref idref="fl-15"/>
      </object_component>
      <object_component id="oc-4b2">
         <name>.text:USBDSetFeature</name>
         <load_address>0x1ddc</load_address>
         <run_address>0x1ddc</run_address>
         <size>0x70</size>
         <input_file_ref idref="fl-15"/>
      </object_component>
      <object_component id="oc-582">
         <name>.text:uDMAUSBArbSizeSet</name>
         <load_address>0x1e4c</load_address>
         <run_address>0x1e4c</run_address>
         <size>0x70</size>
         <input_file_ref idref="fl-19"/>
      </object_component>
      <object_component id="oc-6c8">
         <name>.text:ProcessDataToHost</name>
         <load_address>0x1ebc</load_address>
         <run_address>0x1ebc</run_address>
         <size>0x6c</size>
         <input_file_ref idref="fl-14"/>
      </object_component>
      <object_component id="oc-711">
         <name>.text:IntDisable</name>
         <load_address>0x1f28</load_address>
         <run_address>0x1f28</run_address>
         <size>0x68</size>
         <input_file_ref idref="fl-c"/>
      </object_component>
      <object_component id="oc-14d">
         <name>.text:IntEnable</name>
         <load_address>0x1f90</load_address>
         <run_address>0x1f90</run_address>
         <size>0x68</size>
         <input_file_ref idref="fl-c"/>
      </object_component>
      <object_component id="oc-15">
         <name>.text:decompress:lzss:__TI_decompress_lzss</name>
         <load_address>0x1ff8</load_address>
         <run_address>0x1ff8</run_address>
         <size>0x68</size>
         <input_file_ref idref="fl-d5"/>
      </object_component>
      <object_component id="oc-70b">
         <name>.text:IntIsEnabled</name>
         <load_address>0x2060</load_address>
         <run_address>0x2060</run_address>
         <size>0x64</size>
         <input_file_ref idref="fl-c"/>
      </object_component>
      <object_component id="oc-2f0">
         <name>.text:USBBufferEventCallback</name>
         <load_address>0x20c4</load_address>
         <run_address>0x20c4</run_address>
         <size>0x64</size>
         <input_file_ref idref="fl-10"/>
      </object_component>
      <object_component id="oc-594">
         <name>.text:uDMAUSBChannelEnable</name>
         <load_address>0x2128</load_address>
         <run_address>0x2128</run_address>
         <size>0x64</size>
         <input_file_ref idref="fl-19"/>
      </object_component>
      <object_component id="oc-2d0">
         <name>.text:USBDCDCPacketWrite</name>
         <load_address>0x218c</load_address>
         <run_address>0x218c</run_address>
         <size>0x60</size>
         <input_file_ref idref="fl-14"/>
      </object_component>
      <object_component id="oc-209">
         <name>.text:USBDReadAndDispatchRequest</name>
         <load_address>0x21ec</load_address>
         <run_address>0x21ec</run_address>
         <size>0x60</size>
         <input_file_ref idref="fl-15"/>
      </object_component>
      <object_component id="oc-1f1">
         <name>.text:USBDevEndpointStatusClear</name>
         <load_address>0x224c</load_address>
         <run_address>0x224c</run_address>
         <size>0x5e</size>
         <input_file_ref idref="fl-e0"/>
      </object_component>
      <object_component id="oc-5a6">
         <name>.text:uDMAUSBChannelRelease</name>
         <load_address>0x22aa</load_address>
         <run_address>0x22aa</run_address>
         <size>0x56</size>
         <input_file_ref idref="fl-19"/>
      </object_component>
      <object_component id="oc-3c3">
         <name>.text:ULPIConfigSet</name>
         <load_address>0x2300</load_address>
         <run_address>0x2300</run_address>
         <size>0x52</size>
         <input_file_ref idref="fl-1a"/>
      </object_component>
      <object_component id="oc-612">
         <name>.text:iDMAUSBUnitSizeSet</name>
         <load_address>0x2352</load_address>
         <run_address>0x2352</run_address>
         <size>0x2</size>
         <input_file_ref idref="fl-19"/>
      </object_component>
      <object_component id="oc-3ab">
         <name>.text:SysCtlPeripheralReset</name>
         <load_address>0x2354</load_address>
         <run_address>0x2354</run_address>
         <size>0x50</size>
         <input_file_ref idref="fl-d"/>
      </object_component>
      <object_component id="oc-147">
         <name>.text:USBDCDCInit</name>
         <load_address>0x23a4</load_address>
         <run_address>0x23a4</run_address>
         <size>0x50</size>
         <input_file_ref idref="fl-14"/>
      </object_component>
      <object_component id="oc-7a0">
         <name>.text:USBDCDConfigDescGet</name>
         <load_address>0x23f4</load_address>
         <run_address>0x23f4</run_address>
         <size>0x50</size>
         <input_file_ref idref="fl-1b"/>
      </object_component>
      <object_component id="oc-cd">
         <name>.text:USBDeviceResumeTickHandler</name>
         <load_address>0x2444</load_address>
         <run_address>0x2444</run_address>
         <size>0x50</size>
         <input_file_ref idref="fl-15"/>
      </object_component>
      <object_component id="oc-153">
         <name>.text:GPIOPinConfigure</name>
         <load_address>0x2494</load_address>
         <run_address>0x2494</run_address>
         <size>0x4c</size>
         <input_file_ref idref="fl-b"/>
      </object_component>
      <object_component id="oc-7ac">
         <name>.text:GetEPDescriptorType</name>
         <load_address>0x24e0</load_address>
         <run_address>0x24e0</run_address>
         <size>0x4c</size>
         <input_file_ref idref="fl-1c"/>
      </object_component>
      <object_component id="oc-670">
         <name>.text:USBDStringIndexFromRequest</name>
         <load_address>0x252c</load_address>
         <run_address>0x252c</run_address>
         <size>0x4c</size>
         <input_file_ref idref="fl-15"/>
      </object_component>
      <object_component id="oc-744">
         <name>.text:USBEndpointDMAConfigSet</name>
         <load_address>0x2578</load_address>
         <run_address>0x2578</run_address>
         <size>0x4c</size>
         <input_file_ref idref="fl-e0"/>
      </object_component>
      <object_component id="oc-606">
         <name>.text:iDMAUSBChannelEnable</name>
         <load_address>0x25c4</load_address>
         <run_address>0x25c4</run_address>
         <size>0x4c</size>
         <input_file_ref idref="fl-19"/>
      </object_component>
      <object_component id="oc-7cd">
         <name>.text:ConfigAlternateInterfaceGet</name>
         <load_address>0x2610</load_address>
         <run_address>0x2610</run_address>
         <size>0x4a</size>
         <input_file_ref idref="fl-1b"/>
      </object_component>
      <object_component id="oc-511">
         <name>.text:HandleEP0Data</name>
         <load_address>0x265a</load_address>
         <run_address>0x265a</run_address>
         <size>0x4a</size>
         <input_file_ref idref="fl-14"/>
      </object_component>
      <object_component id="oc-529">
         <name>.text:HandleEndpoints</name>
         <load_address>0x26a4</load_address>
         <run_address>0x26a4</run_address>
         <size>0x4a</size>
         <input_file_ref idref="fl-14"/>
      </object_component>
      <object_component id="oc-667">
         <name>.text:USBDevEndpointStallClear</name>
         <load_address>0x26ee</load_address>
         <run_address>0x26ee</run_address>
         <size>0x4a</size>
         <input_file_ref idref="fl-e0"/>
      </object_component>
      <object_component id="oc-58e">
         <name>.text:uDMAUSBChannelDisable</name>
         <load_address>0x2738</load_address>
         <run_address>0x2738</run_address>
         <size>0x4a</size>
         <input_file_ref idref="fl-19"/>
      </object_component>
      <object_component id="oc-5a0">
         <name>.text:uDMAUSBChannelIntDisable</name>
         <load_address>0x2782</load_address>
         <run_address>0x2782</run_address>
         <size>0x2</size>
         <input_file_ref idref="fl-19"/>
      </object_component>
      <object_component id="oc-383">
         <name>.text:USBDCDDeviceInfoInit</name>
         <load_address>0x2784</load_address>
         <run_address>0x2784</run_address>
         <size>0x48</size>
         <input_file_ref idref="fl-15"/>
      </object_component>
      <object_component id="oc-c7">
         <name>.text:USBDeviceEnumResetHandler</name>
         <load_address>0x27cc</load_address>
         <run_address>0x27cc</run_address>
         <size>0x48</size>
         <input_file_ref idref="fl-15"/>
      </object_component>
      <object_component id="oc-6f7">
         <name>.text:uDMAChannelAttributeDisable</name>
         <load_address>0x2814</load_address>
         <run_address>0x2814</run_address>
         <size>0x48</size>
         <input_file_ref idref="fl-df"/>
      </object_component>
      <object_component id="oc-165">
         <name>.text:UARTConfigSetExpClk</name>
         <load_address>0x285c</load_address>
         <run_address>0x285c</run_address>
         <size>0x46</size>
         <input_file_ref idref="fl-e"/>
      </object_component>
      <object_component id="oc-1fd">
         <name>.text:USBEndpointDataGet</name>
         <load_address>0x28a2</load_address>
         <run_address>0x28a2</run_address>
         <size>0x46</size>
         <input_file_ref idref="fl-e0"/>
      </object_component>
      <object_component id="oc-4d6">
         <name>.text:USBDGetInterface</name>
         <load_address>0x28e8</load_address>
         <run_address>0x28e8</run_address>
         <size>0x44</size>
         <input_file_ref idref="fl-15"/>
      </object_component>
      <object_component id="oc-1a2">
         <name>.text:__TI_auto_init_nobinit_nopinit:__TI_auto_init_nobinit_nopinit</name>
         <load_address>0x292c</load_address>
         <run_address>0x292c</run_address>
         <size>0x44</size>
         <input_file_ref idref="fl-d9"/>
      </object_component>
      <object_component id="oc-600">
         <name>.text:iDMAUSBChannelRelease</name>
         <load_address>0x2970</load_address>
         <run_address>0x2970</run_address>
         <size>0x3c</size>
         <input_file_ref idref="fl-19"/>
      </object_component>
      <object_component id="oc-7be">
         <name>.text:USBFIFOConfigSet</name>
         <load_address>0x29ac</load_address>
         <run_address>0x29ac</run_address>
         <size>0x3a</size>
         <input_file_ref idref="fl-e0"/>
      </object_component>
      <object_component id="oc-59a">
         <name>.text:uDMAUSBChannelIntEnable</name>
         <load_address>0x29e6</load_address>
         <run_address>0x29e6</run_address>
         <size>0x2</size>
         <input_file_ref idref="fl-19"/>
      </object_component>
      <object_component id="oc-38f">
         <name>.text:InternalUSBRegisterTickHandler</name>
         <load_address>0x29e8</load_address>
         <run_address>0x29e8</run_address>
         <size>0x38</size>
         <input_file_ref idref="fl-13"/>
      </object_component>
      <object_component id="oc-d3">
         <name>.text:InternalUSBStartOfFrameTick</name>
         <load_address>0x2a20</load_address>
         <run_address>0x2a20</run_address>
         <size>0x38</size>
         <input_file_ref idref="fl-13"/>
      </object_component>
      <object_component id="oc-546">
         <name>.text:SendBreak</name>
         <load_address>0x2a58</load_address>
         <run_address>0x2a58</run_address>
         <size>0x38</size>
         <input_file_ref idref="fl-14"/>
      </object_component>
      <object_component id="oc-7a6">
         <name>.text:USBDCDConfigGetInterfaceEndpoint</name>
         <load_address>0x2a90</load_address>
         <run_address>0x2a90</run_address>
         <size>0x38</size>
         <input_file_ref idref="fl-1b"/>
      </object_component>
      <object_component id="oc-74">
         <name>.text:USBIntStatusControl</name>
         <load_address>0x2ac8</load_address>
         <run_address>0x2ac8</run_address>
         <size>0x38</size>
         <input_file_ref idref="fl-e0"/>
      </object_component>
      <object_component id="oc-643">
         <name>.text:USBRingBufAdvanceWrite</name>
         <load_address>0x2b00</load_address>
         <run_address>0x2b00</run_address>
         <size>0x38</size>
         <input_file_ref idref="fl-12"/>
      </object_component>
      <object_component id="oc-33b">
         <name>.text:USBEndpointDataPut</name>
         <load_address>0x2b38</load_address>
         <run_address>0x2b38</run_address>
         <size>0x36</size>
         <input_file_ref idref="fl-e0"/>
      </object_component>
      <object_component id="oc-50b">
         <name>.text:HandleConfigChange</name>
         <load_address>0x2b6e</load_address>
         <run_address>0x2b6e</run_address>
         <size>0x34</size>
         <input_file_ref idref="fl-14"/>
      </object_component>
      <object_component id="oc-81d">
         <name>.text:NextConfigDescGet</name>
         <load_address>0x2ba2</load_address>
         <run_address>0x2ba2</run_address>
         <size>0x34</size>
         <input_file_ref idref="fl-1b"/>
      </object_component>
      <object_component id="oc-12f">
         <name>.text:SysCtlPeripheralEnable</name>
         <load_address>0x2bd8</load_address>
         <run_address>0x2bd8</run_address>
         <size>0x34</size>
         <input_file_ref idref="fl-d"/>
      </object_component>
      <object_component id="oc-341">
         <name>.text:USBEndpointDataSend</name>
         <load_address>0x2c0c</load_address>
         <run_address>0x2c0c</run_address>
         <size>0x34</size>
         <input_file_ref idref="fl-e0"/>
      </object_component>
      <object_component id="oc-5f">
         <name>.text:_c_int00_noargs:_c_int00_noargs</name>
         <load_address>0x2c40</load_address>
         <run_address>0x2c40</run_address>
         <size>0x34</size>
         <input_file_ref idref="fl-d6"/>
      </object_component>
      <object_component id="oc-5e2">
         <name>.text:iDMAUSBChannelStatus</name>
         <load_address>0x2c74</load_address>
         <run_address>0x2c74</run_address>
         <size>0x34</size>
         <input_file_ref idref="fl-19"/>
      </object_component>
      <object_component id="oc-6bc">
         <name>.text:ProcessNotificationToHost</name>
         <load_address>0x2ca8</load_address>
         <run_address>0x2ca8</run_address>
         <size>0x32</size>
         <input_file_ref idref="fl-14"/>
      </object_component>
      <object_component id="oc-49d">
         <name>.text:USBDevEndpointStall</name>
         <load_address>0x2cda</load_address>
         <run_address>0x2cda</run_address>
         <size>0x32</size>
         <input_file_ref idref="fl-e0"/>
      </object_component>
      <object_component id="oc-60c">
         <name>.text:iDMAUSBChannelDisable</name>
         <load_address>0x2d0c</load_address>
         <run_address>0x2d0c</run_address>
         <size>0x32</size>
         <input_file_ref idref="fl-19"/>
      </object_component>
      <object_component id="oc-5b2">
         <name>.text:DMAUSBIntHandler</name>
         <load_address>0x2d3e</load_address>
         <run_address>0x2d3e</run_address>
         <size>0x30</size>
         <input_file_ref idref="fl-19"/>
      </object_component>
      <object_component id="oc-389">
         <name>.text:InternalUSBTickInit</name>
         <load_address>0x2d70</load_address>
         <run_address>0x2d70</run_address>
         <size>0x30</size>
         <input_file_ref idref="fl-13"/>
      </object_component>
      <object_component id="oc-4ca">
         <name>.text:USBDGetConfiguration</name>
         <load_address>0x2da0</load_address>
         <run_address>0x2da0</run_address>
         <size>0x30</size>
         <input_file_ref idref="fl-15"/>
      </object_component>
      <object_component id="oc-17d">
         <name>.text:USBBufferWrite</name>
         <load_address>0x2dd0</load_address>
         <run_address>0x2dd0</run_address>
         <size>0x2e</size>
         <input_file_ref idref="fl-10"/>
      </object_component>
      <object_component id="oc-2e7">
         <name>.text:USBDCDCRxPacketAvailable</name>
         <load_address>0x2dfe</load_address>
         <run_address>0x2dfe</run_address>
         <size>0x2e</size>
         <input_file_ref idref="fl-14"/>
      </object_component>
      <object_component id="oc-629">
         <name>.text:UpdateIndexAtomic</name>
         <load_address>0x2e2c</load_address>
         <run_address>0x2e2c</run_address>
         <size>0x2e</size>
         <input_file_ref idref="fl-12"/>
      </object_component>
      <object_component id="oc-255">
         <name>.text:GPIODirModeSet</name>
         <load_address>0x2e5a</load_address>
         <run_address>0x2e5a</run_address>
         <size>0x2c</size>
         <input_file_ref idref="fl-b"/>
      </object_component>
      <object_component id="oc-681">
         <name>.text:USBDCDConfigDescGetNum</name>
         <load_address>0x2e86</load_address>
         <run_address>0x2e86</run_address>
         <size>0x2c</size>
         <input_file_ref idref="fl-1b"/>
      </object_component>
      <object_component id="oc-816">
         <name>.text:USBDescGet</name>
         <load_address>0x2eb2</load_address>
         <run_address>0x2eb2</run_address>
         <size>0x2c</size>
         <input_file_ref idref="fl-18"/>
      </object_component>
      <object_component id="oc-5b8">
         <name>.text:uDMAUSBIntStatus</name>
         <load_address>0x2ede</load_address>
         <run_address>0x2ede</run_address>
         <size>0x2c</size>
         <input_file_ref idref="fl-19"/>
      </object_component>
      <object_component id="oc-45b">
         <name>.text:HandleRequestBuffer</name>
         <load_address>0x2f0a</load_address>
         <run_address>0x2f0a</run_address>
         <size>0x2a</size>
         <input_file_ref idref="fl-10"/>
      </object_component>
      <object_component id="oc-7c6">
         <name>.text:USBDescGetNum</name>
         <load_address>0x2f34</load_address>
         <run_address>0x2f34</run_address>
         <size>0x2a</size>
         <input_file_ref idref="fl-18"/>
      </object_component>
      <object_component id="oc-203">
         <name>.text:USBDevEndpointDataAck</name>
         <load_address>0x2f5e</load_address>
         <run_address>0x2f5e</run_address>
         <size>0x2a</size>
         <input_file_ref idref="fl-e0"/>
      </object_component>
      <object_component id="oc-177">
         <name>.text:USBBufferRead</name>
         <load_address>0x2f88</load_address>
         <run_address>0x2f88</run_address>
         <size>0x28</size>
         <input_file_ref idref="fl-10"/>
      </object_component>
      <object_component id="oc-4b8">
         <name>.text:USBDSetAddress</name>
         <load_address>0x2fb0</load_address>
         <run_address>0x2fb0</run_address>
         <size>0x28</size>
         <input_file_ref idref="fl-15"/>
      </object_component>
      <object_component id="oc-3f3">
         <name>.text:USBIntEnableControl</name>
         <load_address>0x2fd8</load_address>
         <run_address>0x2fd8</run_address>
         <size>0x28</size>
         <input_file_ref idref="fl-e0"/>
      </object_component>
      <object_component id="oc-729">
         <name>.text:uDMAChannelModeGet</name>
         <load_address>0x3000</load_address>
         <run_address>0x3000</run_address>
         <size>0x28</size>
         <input_file_ref idref="fl-df"/>
      </object_component>
      <object_component id="oc-523">
         <name>.text:HandleDisconnect</name>
         <load_address>0x3028</load_address>
         <run_address>0x3028</run_address>
         <size>0x24</size>
         <input_file_ref idref="fl-14"/>
      </object_component>
      <object_component id="oc-552">
         <name>.text:SendLineStateChange</name>
         <load_address>0x304c</load_address>
         <run_address>0x304c</run_address>
         <size>0x24</size>
         <input_file_ref idref="fl-14"/>
      </object_component>
      <object_component id="oc-6fd">
         <name>.text:USBEndpointDMADisable</name>
         <load_address>0x3070</load_address>
         <run_address>0x3070</run_address>
         <size>0x24</size>
         <input_file_ref idref="fl-e0"/>
      </object_component>
      <object_component id="oc-717">
         <name>.text:USBEndpointDMAEnable</name>
         <load_address>0x3094</load_address>
         <run_address>0x3094</run_address>
         <size>0x24</size>
         <input_file_ref idref="fl-e0"/>
      </object_component>
      <object_component id="oc-141">
         <name>.text:USBStackModeSet</name>
         <load_address>0x30b8</load_address>
         <run_address>0x30b8</run_address>
         <size>0x24</size>
         <input_file_ref idref="fl-11"/>
      </object_component>
      <object_component id="oc-6ea">
         <name>.text:uDMAChannelControlSet</name>
         <load_address>0x30dc</load_address>
         <run_address>0x30dc</run_address>
         <size>0x24</size>
         <input_file_ref idref="fl-df"/>
      </object_component>
      <object_component id="oc-558">
         <name>.text:SendLineCodingChange</name>
         <load_address>0x3100</load_address>
         <run_address>0x3100</run_address>
         <size>0x22</size>
         <input_file_ref idref="fl-14"/>
      </object_component>
      <object_component id="oc-5ac">
         <name>.text:uDMAUSBChannelStatus</name>
         <load_address>0x3122</load_address>
         <run_address>0x3122</run_address>
         <size>0x22</size>
         <input_file_ref idref="fl-19"/>
      </object_component>
      <object_component id="oc-698">
         <name>.text:CheckAndSendBreak</name>
         <load_address>0x3144</load_address>
         <run_address>0x3144</run_address>
         <size>0x20</size>
         <input_file_ref idref="fl-14"/>
      </object_component>
      <object_component id="oc-7b8">
         <name>.text:GetEndpointFIFOSize</name>
         <load_address>0x3164</load_address>
         <run_address>0x3164</run_address>
         <size>0x20</size>
         <input_file_ref idref="fl-1c"/>
      </object_component>
      <object_component id="oc-44f">
         <name>.text:HandleDataRemaining</name>
         <load_address>0x3184</load_address>
         <run_address>0x3184</run_address>
         <size>0x20</size>
         <input_file_ref idref="fl-10"/>
      </object_component>
      <object_component id="oc-297">
         <name>.text:UARTDisable</name>
         <load_address>0x31a4</load_address>
         <run_address>0x31a4</run_address>
         <size>0x20</size>
         <input_file_ref idref="fl-e"/>
      </object_component>
      <object_component id="oc-635">
         <name>.text:USBRingBufAdvanceRead</name>
         <load_address>0x31c4</load_address>
         <run_address>0x31c4</run_address>
         <size>0x20</size>
         <input_file_ref idref="fl-12"/>
      </object_component>
      <object_component id="oc-63c">
         <name>.text:USBRingBufContigFree</name>
         <load_address>0x31e4</load_address>
         <run_address>0x31e4</run_address>
         <size>0x1e</size>
         <input_file_ref idref="fl-12"/>
      </object_component>
      <object_component id="oc-565">
         <name>.text:USBULPIRegRead</name>
         <load_address>0x3202</load_address>
         <run_address>0x3202</run_address>
         <size>0x1e</size>
         <input_file_ref idref="fl-e0"/>
      </object_component>
      <object_component id="oc-56b">
         <name>.text:USBULPIRegWrite</name>
         <load_address>0x3220</load_address>
         <run_address>0x3220</run_address>
         <size>0x1e</size>
         <input_file_ref idref="fl-e0"/>
      </object_component>
      <object_component id="oc-687">
         <name>.text:USBDCDConfigGetInterface</name>
         <load_address>0x323e</load_address>
         <run_address>0x323e</run_address>
         <size>0x1c</size>
         <input_file_ref idref="fl-1b"/>
      </object_component>
      <object_component id="oc-328">
         <name>.text:USBDCDStallEP0</name>
         <load_address>0x325c</load_address>
         <run_address>0x325c</run_address>
         <size>0x1c</size>
         <input_file_ref idref="fl-15"/>
      </object_component>
      <object_component id="oc-447">
         <name>.text:USBEndpointDataAvail</name>
         <load_address>0x3278</load_address>
         <run_address>0x3278</run_address>
         <size>0x1c</size>
         <input_file_ref idref="fl-e0"/>
      </object_component>
      <object_component id="oc-2b3">
         <name>.text:USBRingBufRead</name>
         <load_address>0x3294</load_address>
         <run_address>0x3294</run_address>
         <size>0x1c</size>
         <input_file_ref idref="fl-12"/>
      </object_component>
      <object_component id="oc-2c0">
         <name>.text:USBRingBufWrite</name>
         <load_address>0x32b0</load_address>
         <run_address>0x32b0</run_address>
         <size>0x1c</size>
         <input_file_ref idref="fl-12"/>
      </object_component>
      <object_component id="oc-4d">
         <name>.text:decompress:ZI:__TI_zero_init_nomemset:__TI_zero_init_nomemset</name>
         <load_address>0x32cc</load_address>
         <run_address>0x32cc</run_address>
         <size>0x1c</size>
         <input_file_ref idref="fl-d3"/>
      </object_component>
      <object_component id="oc-54c">
         <name>.text:DeviceConsumedAllData</name>
         <load_address>0x32e8</load_address>
         <run_address>0x32e8</run_address>
         <size>0x1a</size>
         <input_file_ref idref="fl-14"/>
      </object_component>
      <object_component id="oc-335">
         <name>.text:USBDCDConfigDescGetSize</name>
         <load_address>0x3302</load_address>
         <run_address>0x3302</run_address>
         <size>0x1a</size>
         <input_file_ref idref="fl-1b"/>
      </object_component>
      <object_component id="oc-6f1">
         <name>.text:USBEndpointDMAChannel</name>
         <load_address>0x331c</load_address>
         <run_address>0x331c</run_address>
         <size>0x1a</size>
         <input_file_ref idref="fl-e0"/>
      </object_component>
      <object_component id="oc-441">
         <name>.text:SetDeferredOpFlag</name>
         <load_address>0x3336</load_address>
         <run_address>0x3336</run_address>
         <size>0x18</size>
         <input_file_ref idref="fl-14"/>
      </object_component>
      <object_component id="oc-2d">
         <name>.text:USB0DeviceIntHandler</name>
         <load_address>0x3350</load_address>
         <run_address>0x3350</run_address>
         <size>0x18</size>
         <input_file_ref idref="fl-16"/>
      </object_component>
      <object_component id="oc-13b">
         <name>.text:USBBufferInit</name>
         <load_address>0x3368</load_address>
         <run_address>0x3368</run_address>
         <size>0x18</size>
         <input_file_ref idref="fl-10"/>
      </object_component>
      <object_component id="oc-37d">
         <name>.text:USBDCDFeatureGet</name>
         <load_address>0x3380</load_address>
         <run_address>0x3380</run_address>
         <size>0x18</size>
         <input_file_ref idref="fl-15"/>
      </object_component>
      <object_component id="oc-4c4">
         <name>.text:USBDSetDescriptor</name>
         <load_address>0x3398</load_address>
         <run_address>0x3398</run_address>
         <size>0x18</size>
         <input_file_ref idref="fl-15"/>
      </object_component>
      <object_component id="oc-4e2">
         <name>.text:USBDSyncFrame</name>
         <load_address>0x33b0</load_address>
         <run_address>0x33b0</run_address>
         <size>0x18</size>
         <input_file_ref idref="fl-15"/>
      </object_component>
      <object_component id="oc-704">
         <name>.text:uDMAChannelDisable</name>
         <load_address>0x33c8</load_address>
         <run_address>0x33c8</run_address>
         <size>0x18</size>
         <input_file_ref idref="fl-df"/>
      </object_component>
      <object_component id="oc-71d">
         <name>.text:uDMAChannelEnable</name>
         <load_address>0x33e0</load_address>
         <run_address>0x33e0</run_address>
         <size>0x18</size>
         <input_file_ref idref="fl-df"/>
      </object_component>
      <object_component id="oc-6b2">
         <name>.text:CheckAndSendLineCodingChange</name>
         <load_address>0x33f8</load_address>
         <run_address>0x33f8</run_address>
         <size>0x16</size>
         <input_file_ref idref="fl-14"/>
      </object_component>
      <object_component id="oc-69e">
         <name>.text:CheckAndSendLineStateChange</name>
         <load_address>0x340e</load_address>
         <run_address>0x340e</run_address>
         <size>0x16</size>
         <input_file_ref idref="fl-14"/>
      </object_component>
      <object_component id="oc-159">
         <name>.text:GPIOPinTypeUART</name>
         <load_address>0x3424</load_address>
         <run_address>0x3424</run_address>
         <size>0x16</size>
         <input_file_ref idref="fl-b"/>
      </object_component>
      <object_component id="oc-135">
         <name>.text:GPIOPinTypeUSBAnalog</name>
         <load_address>0x343a</load_address>
         <run_address>0x343a</run_address>
         <size>0x16</size>
         <input_file_ref idref="fl-b"/>
      </object_component>
      <object_component id="oc-3f9">
         <name>.text:USBIntEnableEndpoint</name>
         <load_address>0x3450</load_address>
         <run_address>0x3450</run_address>
         <size>0x16</size>
         <input_file_ref idref="fl-e0"/>
      </object_component>
      <object_component id="oc-249">
         <name>.text:USBRingBufFlush</name>
         <load_address>0x3466</load_address>
         <run_address>0x3466</run_address>
         <size>0x16</size>
         <input_file_ref idref="fl-12"/>
      </object_component>
      <object_component id="oc-427">
         <name>.text:USBRingBufReadOne</name>
         <load_address>0x347c</load_address>
         <run_address>0x347c</run_address>
         <size>0x16</size>
         <input_file_ref idref="fl-12"/>
      </object_component>
      <object_component id="oc-2ad">
         <name>.text:USBRingBufUsed</name>
         <load_address>0x3492</load_address>
         <run_address>0x3492</run_address>
         <size>0x16</size>
         <input_file_ref idref="fl-12"/>
      </object_component>
      <object_component id="oc-455">
         <name>.text:HandleTxComplete</name>
         <load_address>0x34a8</load_address>
         <run_address>0x34a8</run_address>
         <size>0x14</size>
         <input_file_ref idref="fl-10"/>
      </object_component>
      <object_component id="oc-3b1">
         <name>.text:SysCtlUSBPLLEnable</name>
         <load_address>0x34bc</load_address>
         <run_address>0x34bc</run_address>
         <size>0x14</size>
         <input_file_ref idref="fl-d"/>
      </object_component>
      <object_component id="oc-29d">
         <name>.text:UARTEnable</name>
         <load_address>0x34d0</load_address>
         <run_address>0x34d0</run_address>
         <size>0x14</size>
         <input_file_ref idref="fl-e"/>
      </object_component>
      <object_component id="oc-2d6">
         <name>.text:USBDCDCTxPacketAvailable</name>
         <load_address>0x34e4</load_address>
         <run_address>0x34e4</run_address>
         <size>0x14</size>
         <input_file_ref idref="fl-14"/>
      </object_component>
      <object_component id="oc-6aa">
         <name>.text:USBDCDRequestDataEP0</name>
         <load_address>0x34f8</load_address>
         <run_address>0x34f8</run_address>
         <size>0x14</size>
         <input_file_ref idref="fl-15"/>
      </object_component>
      <object_component id="oc-6a4">
         <name>.text:USBDCDSendDataEP0</name>
         <load_address>0x350c</load_address>
         <run_address>0x350c</run_address>
         <size>0x14</size>
         <input_file_ref idref="fl-15"/>
      </object_component>
      <object_component id="oc-77c">
         <name>.text:USBDMAChannelConfigSet</name>
         <load_address>0x3520</load_address>
         <run_address>0x3520</run_address>
         <size>0x14</size>
         <input_file_ref idref="fl-e0"/>
      </object_component>
      <object_component id="oc-1dc">
         <name>.text:USBHostResume</name>
         <load_address>0x3534</load_address>
         <run_address>0x3534</run_address>
         <size>0x14</size>
         <input_file_ref idref="fl-e0"/>
      </object_component>
      <object_component id="oc-827">
         <name>.text:_USBIndexWrite</name>
         <load_address>0x3548</load_address>
         <run_address>0x3548</run_address>
         <size>0x14</size>
         <input_file_ref idref="fl-e0"/>
      </object_component>
      <object_component id="oc-51d">
         <name>.text:HandleResume</name>
         <load_address>0x355c</load_address>
         <run_address>0x355c</run_address>
         <size>0x12</size>
         <input_file_ref idref="fl-14"/>
      </object_component>
      <object_component id="oc-517">
         <name>.text:HandleSuspend</name>
         <load_address>0x356e</load_address>
         <run_address>0x356e</run_address>
         <size>0x12</size>
         <input_file_ref idref="fl-14"/>
      </object_component>
      <object_component id="oc-74d">
         <name>.text:USBDMAChannelDisable</name>
         <load_address>0x3580</load_address>
         <run_address>0x3580</run_address>
         <size>0x12</size>
         <input_file_ref idref="fl-e0"/>
      </object_component>
      <object_component id="oc-782">
         <name>.text:USBDMAChannelEnable</name>
         <load_address>0x3592</load_address>
         <run_address>0x3592</run_address>
         <size>0x12</size>
         <input_file_ref idref="fl-e0"/>
      </object_component>
      <object_component id="oc-769">
         <name>.text:USBDMAChannelIntDisable</name>
         <load_address>0x35a4</load_address>
         <run_address>0x35a4</run_address>
         <size>0x12</size>
         <input_file_ref idref="fl-e0"/>
      </object_component>
      <object_component id="oc-762">
         <name>.text:USBDMAChannelIntEnable</name>
         <load_address>0x35b6</load_address>
         <run_address>0x35b6</run_address>
         <size>0x12</size>
         <input_file_ref idref="fl-e0"/>
      </object_component>
      <object_component id="oc-2ba">
         <name>.text:USBRingBufFree</name>
         <load_address>0x35c8</load_address>
         <run_address>0x35c8</run_address>
         <size>0x12</size>
         <input_file_ref idref="fl-12"/>
      </object_component>
      <object_component id="oc-355">
         <name>.text:IntMasterDisable</name>
         <load_address>0x35da</load_address>
         <run_address>0x35da</run_address>
         <size>0x10</size>
         <input_file_ref idref="fl-c"/>
      </object_component>
      <object_component id="oc-171">
         <name>.text:IntMasterEnable</name>
         <load_address>0x35ea</load_address>
         <run_address>0x35ea</run_address>
         <size>0x10</size>
         <input_file_ref idref="fl-c"/>
      </object_component>
      <object_component id="oc-1eb">
         <name>.text:USBEndpointStatus</name>
         <load_address>0x35fa</load_address>
         <run_address>0x35fa</run_address>
         <size>0x10</size>
         <input_file_ref idref="fl-e0"/>
      </object_component>
      <object_component id="oc-436">
         <name>.text:USBRingBufContigUsed</name>
         <load_address>0x360a</load_address>
         <run_address>0x360a</run_address>
         <size>0x10</size>
         <input_file_ref idref="fl-12"/>
      </object_component>
      <object_component id="oc-42f">
         <name>.text:USBRingBufWriteOne</name>
         <load_address>0x361a</load_address>
         <run_address>0x361a</run_address>
         <size>0x10</size>
         <input_file_ref idref="fl-12"/>
      </object_component>
      <object_component id="oc-5be">
         <name>.text:DMAUSBIntStatusClear</name>
         <load_address>0x362a</load_address>
         <run_address>0x362a</run_address>
         <size>0xe</size>
         <input_file_ref idref="fl-19"/>
      </object_component>
      <object_component id="oc-183">
         <name>.text:UARTCharPutNonBlocking</name>
         <load_address>0x3638</load_address>
         <run_address>0x3638</run_address>
         <size>0xe</size>
         <input_file_ref idref="fl-e"/>
      </object_component>
      <object_component id="oc-754">
         <name>.text:USBDMAChannelStatus</name>
         <load_address>0x3646</load_address>
         <run_address>0x3646</run_address>
         <size>0xe</size>
         <input_file_ref idref="fl-e0"/>
      </object_component>
      <object_component id="oc-3db">
         <name>.text:USBDevLPMDisable</name>
         <load_address>0x3654</load_address>
         <run_address>0x3654</run_address>
         <size>0xe</size>
         <input_file_ref idref="fl-e0"/>
      </object_component>
      <object_component id="oc-df">
         <name>.text:USBDevLPMEnable</name>
         <load_address>0x3662</load_address>
         <run_address>0x3662</run_address>
         <size>0xe</size>
         <input_file_ref idref="fl-e0"/>
      </object_component>
      <object_component id="oc-3c9">
         <name>.text:USBULPIDisable</name>
         <load_address>0x3670</load_address>
         <run_address>0x3670</run_address>
         <size>0xe</size>
         <input_file_ref idref="fl-e0"/>
      </object_component>
      <object_component id="oc-3bd">
         <name>.text:USBULPIEnable</name>
         <load_address>0x367e</load_address>
         <run_address>0x367e</run_address>
         <size>0xe</size>
         <input_file_ref idref="fl-e0"/>
      </object_component>
      <object_component id="oc-1b">
         <name>.text:decompress:none:__TI_decompress_none</name>
         <load_address>0x368c</load_address>
         <run_address>0x368c</run_address>
         <size>0xe</size>
         <input_file_ref idref="fl-d4"/>
      </object_component>
      <object_component id="oc-4ee">
         <name>.text:CPUcpsid</name>
         <load_address>0x369a</load_address>
         <run_address>0x369a</run_address>
         <size>0xc</size>
         <input_file_ref idref="fl-f"/>
      </object_component>
      <object_component id="oc-2a6">
         <name>.text:CPUcpsie</name>
         <load_address>0x36a6</load_address>
         <run_address>0x36a6</run_address>
         <size>0xc</size>
         <input_file_ref idref="fl-f"/>
      </object_component>
      <object_component id="oc-73e">
         <name>.text:USBEndpointPacketCountSet</name>
         <load_address>0x36b2</load_address>
         <run_address>0x36b2</run_address>
         <size>0xc</size>
         <input_file_ref idref="fl-e0"/>
      </object_component>
      <object_component id="oc-3e7">
         <name>.text:USBLPMIntEnable</name>
         <load_address>0x36be</load_address>
         <run_address>0x36be</run_address>
         <size>0xc</size>
         <input_file_ref idref="fl-e0"/>
      </object_component>
      <object_component id="oc-262">
         <name>.text:USBRingBufInit</name>
         <load_address>0x36ca</load_address>
         <run_address>0x36ca</run_address>
         <size>0xc</size>
         <input_file_ref idref="fl-12"/>
      </object_component>
      <object_component id="oc-27">
         <name>.text</name>
         <load_address>0x36d6</load_address>
         <run_address>0x36d6</run_address>
         <size>0xc</size>
         <input_file_ref idref="fl-3"/>
      </object_component>
      <object_component id="oc-3b7">
         <name>.text:USBClockEnable</name>
         <load_address>0x36e2</load_address>
         <run_address>0x36e2</run_address>
         <size>0xa</size>
         <input_file_ref idref="fl-e0"/>
      </object_component>
      <object_component id="oc-579">
         <name>.text:USBControllerVersion</name>
         <load_address>0x36ec</load_address>
         <run_address>0x36ec</run_address>
         <size>0xa</size>
         <input_file_ref idref="fl-e0"/>
      </object_component>
      <object_component id="oc-770">
         <name>.text:USBDMAChannelAddressSet</name>
         <load_address>0x36f6</load_address>
         <run_address>0x36f6</run_address>
         <size>0xa</size>
         <input_file_ref idref="fl-e0"/>
      </object_component>
      <object_component id="oc-776">
         <name>.text:USBDMAChannelCountSet</name>
         <load_address>0x3700</load_address>
         <run_address>0x3700</run_address>
         <size>0xa</size>
         <input_file_ref idref="fl-e0"/>
      </object_component>
      <object_component id="oc-3ff">
         <name>.text:USBDevConnect</name>
         <load_address>0x370a</load_address>
         <run_address>0x370a</run_address>
         <size>0xa</size>
         <input_file_ref idref="fl-e0"/>
      </object_component>
      <object_component id="oc-f1">
         <name>.text:USBDevDisconnect</name>
         <load_address>0x3714</load_address>
         <run_address>0x3714</run_address>
         <size>0xa</size>
         <input_file_ref idref="fl-e0"/>
      </object_component>
      <object_component id="oc-e5">
         <name>.text:USBIntStatusEndpoint</name>
         <load_address>0x371e</load_address>
         <run_address>0x371e</run_address>
         <size>0xa</size>
         <input_file_ref idref="fl-e0"/>
      </object_component>
      <object_component id="oc-16b">
         <name>.text:UARTIntEnable</name>
         <load_address>0x3728</load_address>
         <run_address>0x3728</run_address>
         <size>0x8</size>
         <input_file_ref idref="fl-e"/>
      </object_component>
      <object_component id="oc-3d5">
         <name>.text:USBDevMode</name>
         <load_address>0x3730</load_address>
         <run_address>0x3730</run_address>
         <size>0x8</size>
         <input_file_ref idref="fl-e0"/>
      </object_component>
      <object_component id="oc-732">
         <name>.text:USBFIFOAddrGet</name>
         <load_address>0x3738</load_address>
         <run_address>0x3738</run_address>
         <size>0x8</size>
         <input_file_ref idref="fl-e0"/>
      </object_component>
      <object_component id="oc-3cf">
         <name>.text:USBOTGMode</name>
         <load_address>0x3740</load_address>
         <run_address>0x3740</run_address>
         <size>0x8</size>
         <input_file_ref idref="fl-e0"/>
      </object_component>
      <object_component id="oc-5f4">
         <name>.text:iDMAUSBChannelIntDisable</name>
         <load_address>0x3748</load_address>
         <run_address>0x3748</run_address>
         <size>0x8</size>
         <input_file_ref idref="fl-19"/>
      </object_component>
      <object_component id="oc-5ee">
         <name>.text:iDMAUSBChannelIntEnable</name>
         <load_address>0x3750</load_address>
         <run_address>0x3750</run_address>
         <size>0x8</size>
         <input_file_ref idref="fl-19"/>
      </object_component>
      <object_component id="oc-251">
         <name>.text:SysCtlDelay</name>
         <load_address>0x3758</load_address>
         <run_address>0x3758</run_address>
         <size>0x6</size>
         <input_file_ref idref="fl-d"/>
      </object_component>
      <object_component id="oc-123">
         <name>.text:USBBufferFlush</name>
         <load_address>0x375e</load_address>
         <run_address>0x375e</run_address>
         <size>0x6</size>
         <input_file_ref idref="fl-10"/>
      </object_component>
      <object_component id="oc-75b">
         <name>.text:USBDMAChannelIntStatus</name>
         <load_address>0x3764</load_address>
         <run_address>0x3764</run_address>
         <size>0x6</size>
         <input_file_ref idref="fl-e0"/>
      </object_component>
      <object_component id="oc-3e1">
         <name>.text:USBDevLPMConfig</name>
         <load_address>0x376a</load_address>
         <run_address>0x376a</run_address>
         <size>0x6</size>
         <input_file_ref idref="fl-e0"/>
      </object_component>
      <object_component id="oc-d9">
         <name>.text:USBLPMIntStatus</name>
         <load_address>0x3770</load_address>
         <run_address>0x3770</run_address>
         <size>0x6</size>
         <input_file_ref idref="fl-e0"/>
      </object_component>
      <object_component id="oc-5e8">
         <name>.text:iDMAUSBIntStatus</name>
         <load_address>0x3776</load_address>
         <run_address>0x3776</run_address>
         <size>0x6</size>
         <input_file_ref idref="fl-19"/>
      </object_component>
      <object_component id="oc-5c4">
         <name>.text:DMAUSBStatus</name>
         <load_address>0x377c</load_address>
         <run_address>0x377c</run_address>
         <size>0x4</size>
         <input_file_ref idref="fl-19"/>
      </object_component>
      <object_component id="oc-1f7">
         <name>.text:USBDevAddrSet</name>
         <load_address>0x3780</load_address>
         <run_address>0x3780</run_address>
         <size>0x4</size>
         <input_file_ref idref="fl-e0"/>
      </object_component>
      <object_component id="oc-ad">
         <name>.text:_system_pre_init</name>
         <load_address>0x3784</load_address>
         <run_address>0x3784</run_address>
         <size>0x4</size>
         <input_file_ref idref="fl-da"/>
      </object_component>
      <object_component id="oc-196">
         <name>.text:abort:abort</name>
         <load_address>0x3788</load_address>
         <run_address>0x3788</run_address>
         <size>0x4</size>
         <input_file_ref idref="fl-dc"/>
      </object_component>
      <object_component id="oc-28e">
         <name>.const:g_pui32GPIOBaseAddrs</name>
         <load_address>0x378c</load_address>
         <run_address>0x378c</run_address>
         <size>0x90</size>
         <input_file_ref idref="fl-b"/>
      </object_component>
      <object_component id="oc-293">
         <name>.const:g_pui32Xtals</name>
         <load_address>0x381c</load_address>
         <run_address>0x381c</run_address>
         <size>0x6c</size>
         <input_file_ref idref="fl-d"/>
      </object_component>
      <object_component id="oc-477">
         <name>.const:.string:g_pui8ConfigString</name>
         <load_address>0x3888</load_address>
         <run_address>0x3888</run_address>
         <size>0x36</size>
         <input_file_ref idref="fl-4"/>
      </object_component>
      <object_component id="oc-331">
         <name>.const:g_psUSBDStdRequests</name>
         <load_address>0x38c0</load_address>
         <run_address>0x38c0</run_address>
         <size>0x34</size>
         <input_file_ref idref="fl-15"/>
      </object_component>
      <object_component id="oc-395">
         <name>.const:g_sCDCHandlers</name>
         <load_address>0x38f4</load_address>
         <run_address>0x38f4</run_address>
         <size>0x30</size>
         <input_file_ref idref="fl-14"/>
      </object_component>
      <object_component id="oc-474">
         <name>.const:.string:g_pui8ControlInterfaceString</name>
         <load_address>0x3924</load_address>
         <run_address>0x3924</run_address>
         <size>0x2c</size>
         <input_file_ref idref="fl-4"/>
      </object_component>
      <object_component id="oc-46b">
         <name>.const:.string:g_pui8ManufacturerString</name>
         <load_address>0x3950</load_address>
         <run_address>0x3950</run_address>
         <size>0x24</size>
         <input_file_ref idref="fl-4"/>
      </object_component>
      <object_component id="oc-80c">
         <name>.const:.string:g_pui8CDCSerCommInterface</name>
         <load_address>0x3974</load_address>
         <run_address>0x3974</run_address>
         <size>0x23</size>
         <input_file_ref idref="fl-14"/>
      </object_component>
      <object_component id="oc-46e">
         <name>.const:.string:g_pui8ProductString</name>
         <load_address>0x3997</load_address>
         <run_address>0x3997</run_address>
         <size>0x22</size>
         <input_file_ref idref="fl-4"/>
      </object_component>
      <object_component id="oc-2f6">
         <name>.const:g_ppui8StringDescriptors</name>
         <load_address>0x39bc</load_address>
         <run_address>0x39bc</run_address>
         <size>0x18</size>
         <input_file_ref idref="fl-4"/>
      </object_component>
      <object_component id="oc-811">
         <name>.const:.string:g_pui8CDCSerDataInterface</name>
         <load_address>0x39d4</load_address>
         <run_address>0x39d4</run_address>
         <size>0x17</size>
         <input_file_ref idref="fl-14"/>
      </object_component>
      <object_component id="oc-839">
         <name>.const:.string:g_pui8CDCSerDataInterfaceHS</name>
         <load_address>0x39eb</load_address>
         <run_address>0x39eb</run_address>
         <size>0x17</size>
         <input_file_ref idref="fl-14"/>
      </object_component>
      <object_component id="oc-7f6">
         <name>.const:g_pui32Dii16Regs</name>
         <load_address>0x3a04</load_address>
         <run_address>0x3a04</run_address>
         <size>0x14</size>
         <input_file_ref idref="fl-c"/>
      </object_component>
      <object_component id="oc-289">
         <name>.const:g_pui32EnRegs</name>
         <load_address>0x3a18</load_address>
         <run_address>0x3a18</run_address>
         <size>0x14</size>
         <input_file_ref idref="fl-c"/>
      </object_component>
      <object_component id="oc-471">
         <name>.const:.string:g_pui8SerialNumberString</name>
         <load_address>0x3a2c</load_address>
         <run_address>0x3a2c</run_address>
         <size>0x12</size>
         <input_file_ref idref="fl-4"/>
      </object_component>
      <object_component id="oc-53c">
         <name>.const:g_sCDCCompSerConfigHeader</name>
         <load_address>0x3a40</load_address>
         <run_address>0x3a40</run_address>
         <size>0x8</size>
         <input_file_ref idref="fl-14"/>
      </object_component>
      <object_component id="oc-541">
         <name>.const:g_sCDCCompSerConfigHeaderHS</name>
         <load_address>0x3a48</load_address>
         <run_address>0x3a48</run_address>
         <size>0x8</size>
         <input_file_ref idref="fl-14"/>
      </object_component>
      <object_component id="oc-792">
         <name>.const:g_sCDCSerCommInterfaceSection</name>
         <load_address>0x3a50</load_address>
         <run_address>0x3a50</run_address>
         <size>0x8</size>
         <input_file_ref idref="fl-14"/>
      </object_component>
      <object_component id="oc-40b">
         <name>.const:g_sCDCSerConfigHeader</name>
         <load_address>0x3a58</load_address>
         <run_address>0x3a58</run_address>
         <size>0x8</size>
         <input_file_ref idref="fl-14"/>
      </object_component>
      <object_component id="oc-537">
         <name>.const:g_sCDCSerConfigHeaderHS</name>
         <load_address>0x3a60</load_address>
         <run_address>0x3a60</run_address>
         <size>0x8</size>
         <input_file_ref idref="fl-14"/>
      </object_component>
      <object_component id="oc-78f">
         <name>.const:g_sCDCSerConfigSection</name>
         <load_address>0x3a68</load_address>
         <run_address>0x3a68</run_address>
         <size>0x8</size>
         <input_file_ref idref="fl-14"/>
      </object_component>
      <object_component id="oc-795">
         <name>.const:g_sCDCSerDataInterfaceSection</name>
         <load_address>0x3a70</load_address>
         <run_address>0x3a70</run_address>
         <size>0x8</size>
         <input_file_ref idref="fl-14"/>
      </object_component>
      <object_component id="oc-7e3">
         <name>.const:g_sCDCSerDataInterfaceSectionHS</name>
         <load_address>0x3a78</load_address>
         <run_address>0x3a78</run_address>
         <size>0x8</size>
         <input_file_ref idref="fl-14"/>
      </object_component>
      <object_component id="oc-7e8">
         <name>.const:g_sIADSerConfigSection</name>
         <load_address>0x3a80</load_address>
         <run_address>0x3a80</run_address>
         <size>0x8</size>
         <input_file_ref idref="fl-14"/>
      </object_component>
      <object_component id="oc-468">
         <name>.const:.string:g_pui8LangDescriptor</name>
         <load_address>0x3a88</load_address>
         <run_address>0x3a88</run_address>
         <size>0x4</size>
         <input_file_ref idref="fl-4"/>
      </object_component>
      <object_component id="oc-39b">
         <name>.const:g_pCDCCompSerConfigDescriptors</name>
         <load_address>0x3a8c</load_address>
         <run_address>0x3a8c</run_address>
         <size>0x4</size>
         <input_file_ref idref="fl-14"/>
      </object_component>
      <object_component id="oc-39e">
         <name>.const:g_pCDCCompSerConfigDescriptorsHS</name>
         <load_address>0x3a90</load_address>
         <run_address>0x3a90</run_address>
         <size>0x4</size>
         <input_file_ref idref="fl-14"/>
      </object_component>
      <object_component id="oc-281">
         <name>.const:g_ppCDCSerConfigDescriptors</name>
         <load_address>0x3a94</load_address>
         <run_address>0x3a94</run_address>
         <size>0x4</size>
         <input_file_ref idref="fl-14"/>
      </object_component>
      <object_component id="oc-398">
         <name>.const:g_ppCDCSerConfigDescriptorsHS</name>
         <load_address>0x3a98</load_address>
         <run_address>0x3a98</run_address>
         <size>0x4</size>
         <input_file_ref idref="fl-14"/>
      </object_component>
      <object_component id="oc-884">
         <name>.cinit..data.load</name>
         <load_address>0x3aa0</load_address>
         <run_address>0x3aa0</run_address>
         <size>0x9e</size>
      </object_component>
      <object_component id="oc-882">
         <name>__TI_handler_table</name>
         <load_address>0x3b40</load_address>
         <run_address>0x3b40</run_address>
         <size>0xc</size>
      </object_component>
      <object_component id="oc-885">
         <name>.cinit..bss.load</name>
         <load_address>0x3b50</load_address>
         <run_address>0x3b50</run_address>
         <size>0x8</size>
      </object_component>
      <object_component id="oc-883">
         <name>__TI_cinit_table</name>
         <load_address>0x3b58</load_address>
         <run_address>0x3b58</run_address>
         <size>0x10</size>
      </object_component>
      <object_component id="oc-189">
         <name>.data</name>
         <load_address>0x20000730</load_address>
         <run_address>0x20000730</run_address>
         <size>0x6</size>
         <input_file_ref idref="fl-2"/>
      </object_component>
      <object_component id="oc-192">
         <name>.data:g_sCDCDevice</name>
         <load_address>0x200005e0</load_address>
         <run_address>0x200005e0</run_address>
         <size>0x60</size>
         <input_file_ref idref="fl-4"/>
      </object_component>
      <object_component id="oc-18f">
         <name>.data:g_sRxBuffer</name>
         <load_address>0x20000640</load_address>
         <run_address>0x20000640</run_address>
         <size>0x38</size>
         <input_file_ref idref="fl-4"/>
      </object_component>
      <object_component id="oc-18c">
         <name>.data:g_sTxBuffer</name>
         <load_address>0x20000678</load_address>
         <run_address>0x20000678</run_address>
         <size>0x38</size>
         <input_file_ref idref="fl-4"/>
      </object_component>
      <object_component id="oc-269">
         <name>.data</name>
         <load_address>0x20000714</load_address>
         <run_address>0x20000714</run_address>
         <size>0x9</size>
         <input_file_ref idref="fl-11"/>
      </object_component>
      <object_component id="oc-fb">
         <name>.data</name>
         <load_address>0x200006fc</load_address>
         <run_address>0x200006fc</run_address>
         <size>0xc</size>
         <input_file_ref idref="fl-13"/>
      </object_component>
      <object_component id="oc-284">
         <name>.data:g_pui8CDCSerDeviceDescriptor</name>
         <load_address>0x200006b0</load_address>
         <run_address>0x200006b0</run_address>
         <size>0x12</size>
         <input_file_ref idref="fl-14"/>
      </object_component>
      <object_component id="oc-27e">
         <name>.data:g_pui8CDCSerDescriptor</name>
         <load_address>0x20000708</load_address>
         <run_address>0x20000708</run_address>
         <size>0x9</size>
         <input_file_ref idref="fl-14"/>
      </object_component>
      <object_component id="oc-83e">
         <name>.data:g_pui8IADSerDescriptor</name>
         <load_address>0x2000071d</load_address>
         <run_address>0x2000071d</run_address>
         <size>0x8</size>
         <input_file_ref idref="fl-14"/>
      </object_component>
      <object_component id="oc-61f">
         <name>.data:g_psCDCSerSections</name>
         <load_address>0x200006e4</load_address>
         <run_address>0x200006e4</run_address>
         <size>0xc</size>
         <input_file_ref idref="fl-14"/>
      </object_component>
      <object_component id="oc-6d0">
         <name>.data:g_psCDCSerSectionsHS</name>
         <load_address>0x200006f0</load_address>
         <run_address>0x200006f0</run_address>
         <size>0xc</size>
         <input_file_ref idref="fl-14"/>
      </object_component>
      <object_component id="oc-6d5">
         <name>.data:g_psCDCCompSerSections</name>
         <load_address>0x200006c4</load_address>
         <run_address>0x200006c4</run_address>
         <size>0x10</size>
         <input_file_ref idref="fl-14"/>
      </object_component>
      <object_component id="oc-6da">
         <name>.data:g_psCDCCompSerSectionsHS</name>
         <load_address>0x200006d4</load_address>
         <run_address>0x200006d4</run_address>
         <size>0x10</size>
         <input_file_ref idref="fl-14"/>
      </object_component>
      <object_component id="oc-3a7">
         <name>.data</name>
         <load_address>0x200006c2</load_address>
         <run_address>0x200006c2</run_address>
         <size>0x2</size>
         <input_file_ref idref="fl-14"/>
      </object_component>
      <object_component id="oc-fe">
         <name>.data</name>
         <load_address>0x20000728</load_address>
         <run_address>0x20000728</run_address>
         <size>0x8</size>
         <input_file_ref idref="fl-15"/>
      </object_component>
      <object_component id="oc-26c">
         <name>.bss</name>
         <uninitialized>true</uninitialized>
         <run_address>0x200003d4</run_address>
         <size>0x4</size>
         <input_file_ref idref="fl-11"/>
      </object_component>
      <object_component id="oc-32e">
         <name>.bss:g_pui8DataBufferIn</name>
         <uninitialized>true</uninitialized>
         <run_address>0x20000360</run_address>
         <size>0x40</size>
         <input_file_ref idref="fl-15"/>
      </object_component>
      <object_component id="oc-405">
         <name>.bss</name>
         <uninitialized>true</uninitialized>
         <run_address>0x200003d0</run_address>
         <size>0x4</size>
         <input_file_ref idref="fl-15"/>
      </object_component>
      <object_component id="oc-57f">
         <name>.bss:g_psUSBDMAInst</name>
         <uninitialized>true</uninitialized>
         <run_address>0x20000000</run_address>
         <size>0x110</size>
         <input_file_ref idref="fl-19"/>
      </object_component>
      <object_component id="oc-2ed">
         <name>.common:g_pui8USBRxBuffer</name>
         <uninitialized>true</uninitialized>
         <run_address>0x20000110</run_address>
         <size>0x100</size>
      </object_component>
      <object_component id="oc-2dc">
         <name>.common:g_pui8USBTxBuffer</name>
         <uninitialized>true</uninitialized>
         <run_address>0x20000210</run_address>
         <size>0x100</size>
      </object_component>
      <object_component id="oc-1e3">
         <name>.common:g_pfnTickHandlers</name>
         <uninitialized>true</uninitialized>
         <run_address>0x200003a0</run_address>
         <size>0x18</size>
      </object_component>
      <object_component id="oc-1e6">
         <name>.common:g_pvTickInstance</name>
         <uninitialized>true</uninitialized>
         <run_address>0x200003b8</run_address>
         <size>0x18</size>
      </object_component>
      <object_component id="oc-fa">
         <name>.common:g_psDCDInst</name>
         <uninitialized>true</uninitialized>
         <run_address>0x20000310</run_address>
         <size>0x50</size>
      </object_component>
      <object_component id="oc-f7">
         <name>.common:g_ppsDevInfo</name>
         <uninitialized>true</uninitialized>
         <run_address>0x200003d8</run_address>
         <size>0x4</size>
      </object_component>
      <object_component id="oc-24">
         <name>.stack</name>
         <uninitialized>true</uninitialized>
         <run_address>0x200003e0</run_address>
         <size>0x4</size>
         <input_file_ref idref="fl-d6"/>
      </object_component>
      <object_component id="oc-887">
         <name>.stack</name>
         <uninitialized>true</uninitialized>
         <run_address>0x200003e0</run_address>
         <size>0x0</size>
      </object_component>
      <object_component id="oc-111">
         <name>.debug_info</name>
         <load_address>0x0</load_address>
         <run_address>0x0</run_address>
         <size>0x862</size>
         <input_file_ref idref="fl-2"/>
      </object_component>
      <object_component id="oc-18a">
         <name>.debug_info</name>
         <load_address>0x862</load_address>
         <run_address>0x862</run_address>
         <size>0x113</size>
         <input_file_ref idref="fl-2"/>
      </object_component>
      <object_component id="oc-b5">
         <name>.debug_info</name>
         <load_address>0x975</load_address>
         <run_address>0x975</run_address>
         <size>0x770</size>
         <input_file_ref idref="fl-2"/>
      </object_component>
      <object_component id="oc-230">
[...]
         <name>g_sCDCSerCommInterfaceSection</name>
         <value>0x3a50</value>
         <object_component_ref idref="oc-792"/>
      </symbol>
      <symbol id="sm-5cb">
         <name>g_pCDCCompSerConfigDescriptorsHS</name>
         <value>0x3a90</value>
         <object_component_ref idref="oc-39e"/>
      </symbol>
      <symbol id="sm-5cc">
         <name>g_sIADSerConfigSection</name>
         <value>0x3a80</value>
         <object_component_ref idref="oc-7e8"/>
      </symbol>
      <symbol id="sm-5cd">
         <name>g_ppCDCSerConfigDescriptors</name>
         <value>0x3a94</value>
         <object_component_ref idref="oc-281"/>
      </symbol>
      <symbol id="sm-5ce">
         <name>g_pCDCCompSerConfigDescriptors</name>
         <value>0x3a8c</value>
         <object_component_ref idref="oc-39b"/>
      </symbol>
      <symbol id="sm-5cf">
         <name>g_sCDCSerDataInterfaceSectionHS</name>
         <value>0x3a78</value>
         <object_component_ref idref="oc-7e3"/>
      </symbol>
      <symbol id="sm-5d0">
         <name>USBDCDCCompositeInit</name>
         <value>0xff1</value>
         <object_component_ref idref="oc-272"/>
      </symbol>
      <symbol id="sm-5d1">
         <name>USBDCDCTxPacketAvailable</name>
         <value>0x34e5</value>
         <object_component_ref idref="oc-2d6"/>
      </symbol>
      <symbol id="sm-5d2">
         <name>g_pui8CDCSerDataInterface</name>
         <value>0x39d4</value>
         <object_component_ref idref="oc-811"/>
      </symbol>
      <symbol id="sm-5d3">
         <name>g_pui8IADSerDescriptor</name>
         <value>0x2000071d</value>
         <object_component_ref idref="oc-83e"/>
      </symbol>
      <symbol id="sm-5d4">
         <name>g_sCDCSerDataInterfaceSection</name>
         <value>0x3a70</value>
         <object_component_ref idref="oc-795"/>
      </symbol>
      <symbol id="sm-5d5">
         <name>USBDCDCInit</name>
         <value>0x23a5</value>
         <object_component_ref idref="oc-147"/>
      </symbol>
      <symbol id="sm-5d6">
         <name>ProcessNotificationToHost</name>
         <value>0x2ca9</value>
         <object_component_ref idref="oc-6bc"/>
      </symbol>
      <symbol id="sm-5d7">
         <name>g_sCDCSerConfigSection</name>
         <value>0x3a68</value>
         <object_component_ref idref="oc-78f"/>
      </symbol>
      <symbol id="sm-5d8">
         <name>g_sCDCCompSerConfigHeaderHS</name>
         <value>0x3a48</value>
         <object_component_ref idref="oc-541"/>
      </symbol>
      <symbol id="sm-5d9">
         <name>g_sCDCHandlers</name>
         <value>0x38f4</value>
         <object_component_ref idref="oc-395"/>
      </symbol>
      <symbol id="sm-5da">
         <name>g_psCDCSerSections</name>
         <value>0x200006e4</value>
         <object_component_ref idref="oc-61f"/>
      </symbol>
      <symbol id="sm-5db">
         <name>ProcessDataFromHost</name>
         <value>0x1c89</value>
         <object_component_ref idref="oc-6c2"/>
      </symbol>
      <symbol id="sm-5dc">
         <name>USBDCDCRxPacketAvailable</name>
         <value>0x2dff</value>
         <object_component_ref idref="oc-2e7"/>
      </symbol>
      <symbol id="sm-5dd">
         <name>g_sCDCSerConfigHeaderHS</name>
         <value>0x3a60</value>
         <object_component_ref idref="oc-537"/>
      </symbol>
      <symbol id="sm-5de">
         <name>g_pui8CDCSerDescriptor</name>
         <value>0x20000708</value>
         <object_component_ref idref="oc-27e"/>
      </symbol>
      <symbol id="sm-5df">
         <name>g_ppCDCSerConfigDescriptorsHS</name>
         <value>0x3a98</value>
         <object_component_ref idref="oc-398"/>
      </symbol>
      <symbol id="sm-5e0">
         <name>ProcessDataToHost</name>
         <value>0x1ebd</value>
         <object_component_ref idref="oc-6c8"/>
      </symbol>
      <symbol id="sm-5e1">
         <name>USBDCDCPacketRead</name>
         <value>0x1869</value>
         <object_component_ref idref="oc-2e1"/>
      </symbol>
      <symbol id="sm-5e2">
         <name>g_psCDCCompSerSectionsHS</name>
         <value>0x200006d4</value>
         <object_component_ref idref="oc-6da"/>
      </symbol>
      <symbol id="sm-5e3">
         <name>g_sCDCSerConfigHeader</name>
         <value>0x3a58</value>
         <object_component_ref idref="oc-40b"/>
      </symbol>
      <symbol id="sm-5e4">
         <name>g_psCDCSerSectionsHS</name>
         <value>0x200006f0</value>
         <object_component_ref idref="oc-6d0"/>
      </symbol>
      <symbol id="sm-5e5">
         <name>g_pui8CDCSerDeviceDescriptor</name>
         <value>0x200006b0</value>
         <object_component_ref idref="oc-284"/>
      </symbol>
      <symbol id="sm-5e6">
         <name>g_pui8CDCSerCommInterface</name>
         <value>0x3974</value>
         <object_component_ref idref="oc-80c"/>
      </symbol>
      <symbol id="sm-5e7">
         <name>USBDCDCPacketWrite</name>
         <value>0x218d</value>
         <object_component_ref idref="oc-2d0"/>
      </symbol>
      <symbol id="sm-78d">
         <name>g_psDCDInst</name>
         <value>0x20000310</value>
      </symbol>
      <symbol id="sm-78e">
         <name>g_ppsDevInfo</name>
         <value>0x200003d8</value>
      </symbol>
      <symbol id="sm-78f">
         <name>USBDCDSendDataEP0</name>
         <value>0x350d</value>
         <object_component_ref idref="oc-6a4"/>
      </symbol>
      <symbol id="sm-790">
         <name>USBDCDStallEP0</name>
         <value>0x325d</value>
         <object_component_ref idref="oc-328"/>
      </symbol>
      <symbol id="sm-791">
         <name>USBDCDRequestDataEP0</name>
         <value>0x34f9</value>
         <object_component_ref idref="oc-6aa"/>
      </symbol>
      <symbol id="sm-792">
         <name>USBDeviceEnumHandler</name>
         <value>0x10cd</value>
         <object_component_ref idref="oc-eb"/>
      </symbol>
      <symbol id="sm-793">
         <name>USBDCDInit</name>
         <value>0x6d5</value>
         <object_component_ref idref="oc-278"/>
      </symbol>
      <symbol id="sm-794">
         <name>USBDeviceEnumResetHandler</name>
         <value>0x27cd</value>
         <object_component_ref idref="oc-c7"/>
      </symbol>
      <symbol id="sm-795">
         <name>USBDCDFeatureGet</name>
         <value>0x3381</value>
         <object_component_ref idref="oc-37d"/>
      </symbol>
      <symbol id="sm-796">
         <name>USBDCDDeviceInfoInit</name>
         <value>0x2785</value>
         <object_component_ref idref="oc-383"/>
      </symbol>
      <symbol id="sm-797">
         <name>USBDeviceIntHandlerInternal</name>
         <value>0x975</value>
         <object_component_ref idref="oc-7a"/>
      </symbol>
      <symbol id="sm-798">
         <name>USBDeviceResumeTickHandler</name>
         <value>0x2445</value>
         <object_component_ref idref="oc-cd"/>
      </symbol>
      <symbol id="sm-7a4">
         <name>USB0DeviceIntHandler</name>
         <value>0x3351</value>
         <object_component_ref idref="oc-2d"/>
      </symbol>
      <symbol id="sm-7c3">
         <name>USBDescGet</name>
         <value>0x2eb3</value>
         <object_component_ref idref="oc-816"/>
      </symbol>
      <symbol id="sm-7c4">
         <name>USBDescGetNum</name>
         <value>0x2f35</value>
         <object_component_ref idref="oc-7c6"/>
      </symbol>
      <symbol id="sm-909">
         <name>USBLibDMAInit</name>
         <value>0x571</value>
         <object_component_ref idref="oc-3ed"/>
      </symbol>
      <symbol id="sm-916">
         <name>ULPIConfigSet</name>
         <value>0x2301</value>
         <object_component_ref idref="oc-3c3"/>
      </symbol>
      <symbol id="sm-966">
         <name>USBDCDConfigDescGet</name>
         <value>0x23f5</value>
         <object_component_ref idref="oc-7a0"/>
      </symbol>
      <symbol id="sm-967">
         <name>USBDCDConfigGetInterface</name>
         <value>0x323f</value>
         <object_component_ref idref="oc-687"/>
      </symbol>
      <symbol id="sm-968">
         <name>USBDCDConfigDescGetSize</name>
         <value>0x3303</value>
         <object_component_ref idref="oc-335"/>
      </symbol>
      <symbol id="sm-969">
         <name>USBDCDConfigGetInterfaceEndpoint</name>
         <value>0x2a91</value>
         <object_component_ref idref="oc-7a6"/>
      </symbol>
      <symbol id="sm-96a">
         <name>USBDCDConfigDescGetNum</name>
         <value>0x2e87</value>
         <object_component_ref idref="oc-681"/>
      </symbol>
      <symbol id="sm-9b7">
         <name>USBDeviceConfigAlternate</name>
         <value>0x1989</value>
         <object_component_ref idref="oc-68d"/>
      </symbol>
      <symbol id="sm-9b8">
         <name>USBDeviceConfig</name>
         <value>0xac5</value>
         <object_component_ref idref="oc-679"/>
      </symbol>
      <symbol id="sm-9d2">
         <name>__TI_zero_init_nomemset</name>
         <value>0x32cd</value>
         <object_component_ref idref="oc-4d"/>
      </symbol>
      <symbol id="sm-9e9">
         <name>__TI_decompress_none</name>
         <value>0x368d</value>
         <object_component_ref idref="oc-1b"/>
      </symbol>
      <symbol id="sm-a0c">
         <name>__TI_decompress_lzss</name>
         <value>0x1ff9</value>
         <object_component_ref idref="oc-15"/>
      </symbol>
      <symbol id="sm-a1f">
         <name>__stack</name>
         <value>0x200003e0</value>
         <object_component_ref idref="oc-24"/>
      </symbol>
      <symbol id="sm-a20">
         <name>_c_int00_noargs</name>
         <value>0x2c41</value>
         <object_component_ref idref="oc-5f"/>
      </symbol>
      <symbol id="sm-a3c">
         <name>memcpy</name>
         <value>0x1579</value>
         <object_component_ref idref="oc-41"/>
      </symbol>
      <symbol id="sm-a3d">
         <name>__aeabi_memcpy</name>
         <value>0x1579</value>
         <object_component_ref idref="oc-41"/>
      </symbol>
      <symbol id="sm-a3e">
         <name>__aeabi_memcpy8</name>
         <value>0x1579</value>
         <object_component_ref idref="oc-41"/>
      </symbol>
      <symbol id="sm-a3f">
         <name>__aeabi_memcpy4</name>
         <value>0x1579</value>
         <object_component_ref idref="oc-41"/>
      </symbol>
      <symbol id="sm-a67">
         <name>__TI_auto_init_nobinit_nopinit</name>
         <value>0x292d</value>
         <object_component_ref idref="oc-1a2"/>
      </symbol>
      <symbol id="sm-a71">
         <name>_system_pre_init</name>
         <value>0x3785</value>
         <object_component_ref idref="oc-ad"/>
      </symbol>
      <symbol id="sm-a7d">
         <name>C$$EXIT</name>
         <value>0x3789</value>
         <object_component_ref idref="oc-196"/>
      </symbol>
      <symbol id="sm-a7e">
         <name>abort</name>
         <value>0x3789</value>
         <object_component_ref idref="oc-196"/>
      </symbol>
      <symbol id="sm-acc">
         <name>uDMAChannelControlSet</name>
         <value>0x30dd</value>
         <object_component_ref idref="oc-6ea"/>
      </symbol>
      <symbol id="sm-acd">
         <name>uDMAChannelDisable</name>
         <value>0x33c9</value>
         <object_component_ref idref="oc-704"/>
      </symbol>
      <symbol id="sm-ace">
         <name>uDMAChannelModeGet</name>
         <value>0x3001</value>
         <object_component_ref idref="oc-729"/>
      </symbol>
      <symbol id="sm-acf">
         <name>uDMAChannelTransferSet</name>
         <value>0x1b19</value>
         <object_component_ref idref="oc-738"/>
      </symbol>
      <symbol id="sm-ad0">
         <name>uDMAChannelAttributeDisable</name>
         <value>0x2815</value>
         <object_component_ref idref="oc-6f7"/>
      </symbol>
      <symbol id="sm-ad1">
         <name>uDMAChannelEnable</name>
         <value>0x33e1</value>
         <object_component_ref idref="oc-71d"/>
      </symbol>
      <symbol id="sm-c80">
         <name>USBLPMIntEnable</name>
         <value>0x36bf</value>
         <object_component_ref idref="oc-3e7"/>
      </symbol>
      <symbol id="sm-c81">
         <name>USBEndpointDataAvail</name>
         <value>0x3279</value>
         <object_component_ref idref="oc-447"/>
      </symbol>
      <symbol id="sm-c82">
         <name>USBClockEnable</name>
         <value>0x36e3</value>
         <object_component_ref idref="oc-3b7"/>
      </symbol>
      <symbol id="sm-c83">
         <name>USBDevDisconnect</name>
         <value>0x3715</value>
         <object_component_ref idref="oc-f1"/>
      </symbol>
      <symbol id="sm-c84">
         <name>USBDevEndpointStallClear</name>
         <value>0x26ef</value>
         <object_component_ref idref="oc-667"/>
      </symbol>
      <symbol id="sm-c85">
         <name>USBEndpointDataPut</name>
         <value>0x2b39</value>
         <object_component_ref idref="oc-33b"/>
      </symbol>
      <symbol id="sm-c86">
         <name>USBDMAChannelIntStatus</name>
         <value>0x3765</value>
         <object_component_ref idref="oc-75b"/>
      </symbol>
      <symbol id="sm-c87">
         <name>USBDevAddrSet</name>
         <value>0x3781</value>
         <object_component_ref idref="oc-1f7"/>
      </symbol>
      <symbol id="sm-c88">
         <name>USBDMAChannelCountSet</name>
         <value>0x3701</value>
         <object_component_ref idref="oc-776"/>
      </symbol>
      <symbol id="sm-c89">
         <name>USBLPMIntStatus</name>
         <value>0x3771</value>
         <object_component_ref idref="oc-d9"/>
      </symbol>
      <symbol id="sm-c8a">
         <name>USBDMAChannelAddressSet</name>
         <value>0x36f7</value>
         <object_component_ref idref="oc-770"/>
      </symbol>
      <symbol id="sm-c8b">
         <name>USBULPIDisable</name>
         <value>0x3671</value>
         <object_component_ref idref="oc-3c9"/>
      </symbol>
      <symbol id="sm-c8c">
         <name>USBIntStatusControl</name>
         <value>0x2ac9</value>
         <object_component_ref idref="oc-74"/>
      </symbol>
      <symbol id="sm-c8d">
         <name>USBEndpointDMADisable</name>
         <value>0x3071</value>
         <object_component_ref idref="oc-6fd"/>
      </symbol>
      <symbol id="sm-c8e">
         <name>USBDevEndpointDataAck</name>
         <value>0x2f5f</value>
         <object_component_ref idref="oc-203"/>
      </symbol>
      <symbol id="sm-c8f">
         <name>USBOTGMode</name>
         <value>0x3741</value>
         <object_component_ref idref="oc-3cf"/>
      </symbol>
      <symbol id="sm-c90">
         <name>USBDMAChannelConfigSet</name>
         <value>0x3521</value>
         <object_component_ref idref="oc-77c"/>
      </symbol>
      <symbol id="sm-c91">
         <name>USBULPIRegRead</name>
         <value>0x3203</value>
         <object_component_ref idref="oc-565"/>
      </symbol>
      <symbol id="sm-c92">
         <name>USBDevMode</name>
         <value>0x3731</value>
         <object_component_ref idref="oc-3d5"/>
      </symbol>
      <symbol id="sm-c93">
         <name>USBIntEnableEndpoint</name>
         <value>0x3451</value>
         <object_component_ref idref="oc-3f9"/>
      </symbol>
      <symbol id="sm-c94">
         <name>USBEndpointDataGet</name>
         <value>0x28a3</value>
         <object_component_ref idref="oc-1fd"/>
      </symbol>
      <symbol id="sm-c95">
         <name>USBDevEndpointStatusClear</name>
         <value>0x224d</value>
         <object_component_ref idref="oc-1f1"/>
      </symbol>
      <symbol id="sm-c96">
         <name>USBULPIEnable</name>
         <value>0x367f</value>
         <object_component_ref idref="oc-3bd"/>
      </symbol>
      <symbol id="sm-c97">
         <name>USBFIFOAddrGet</name>
         <value>0x3739</value>
         <object_component_ref idref="oc-732"/>
      </symbol>
      <symbol id="sm-c98">
         <name>USBDMAChannelStatus</name>
         <value>0x3647</value>
         <object_component_ref idref="oc-754"/>
      </symbol>
      <symbol id="sm-c99">
         <name>USBULPIRegWrite</name>
         <value>0x3221</value>
         <object_component_ref idref="oc-56b"/>
      </symbol>
      <symbol id="sm-c9a">
         <name>USBDMAChannelIntEnable</name>
         <value>0x35b7</value>
         <object_component_ref idref="oc-762"/>
      </symbol>
      <symbol id="sm-c9b">
         <name>USBDevLPMConfig</name>
         <value>0x376b</value>
         <object_component_ref idref="oc-3e1"/>
      </symbol>
      <symbol id="sm-c9c">
         <name>USBDevLPMEnable</name>
         <value>0x3663</value>
         <object_component_ref idref="oc-df"/>
      </symbol>
      <symbol id="sm-c9d">
         <name>USBControllerVersion</name>
         <value>0x36ed</value>
         <object_component_ref idref="oc-579"/>
      </symbol>
      <symbol id="sm-c9e">
         <name>USBFIFOConfigSet</name>
         <value>0x29ad</value>
         <object_component_ref idref="oc-7be"/>
      </symbol>
      <symbol id="sm-c9f">
         <name>USBEndpointDMAEnable</name>
         <value>0x3095</value>
         <object_component_ref idref="oc-717"/>
      </symbol>
      <symbol id="sm-ca0">
         <name>USBDevLPMDisable</name>
         <value>0x3655</value>
         <object_component_ref idref="oc-3db"/>
      </symbol>
      <symbol id="sm-ca1">
         <name>USBEndpointDataSend</name>
         <value>0x2c0d</value>
         <object_component_ref idref="oc-341"/>
      </symbol>
      <symbol id="sm-ca2">
         <name>USBIntStatusEndpoint</name>
         <value>0x371f</value>
         <object_component_ref idref="oc-e5"/>
      </symbol>
      <symbol id="sm-ca3">
         <name>USBEndpointStatus</name>
         <value>0x35fb</value>
         <object_component_ref idref="oc-1eb"/>
      </symbol>
      <symbol id="sm-ca4">
         <name>USBEndpointPacketCountSet</name>
         <value>0x36b3</value>
         <object_component_ref idref="oc-73e"/>
      </symbol>
      <symbol id="sm-ca5">
         <name>USBDMAChannelIntDisable</name>
         <value>0x35a5</value>
         <object_component_ref idref="oc-769"/>
      </symbol>
      <symbol id="sm-ca6">
         <name>USBEndpointDMAConfigSet</name>
         <value>0x2579</value>
         <object_component_ref idref="oc-744"/>
      </symbol>
      <symbol id="sm-ca7">
         <name>USBDevEndpointStall</name>
         <value>0x2cdb</value>
         <object_component_ref idref="oc-49d"/>
      </symbol>
      <symbol id="sm-ca8">
         <name>USBDevConnect</name>
         <value>0x370b</value>
         <object_component_ref idref="oc-3ff"/>
      </symbol>
      <symbol id="sm-ca9">
         <name>USBDevEndpointConfigSet</name>
         <value>0x1b95</value>
         <object_component_ref idref="oc-7b2"/>
      </symbol>
      <symbol id="sm-caa">
         <name>USBDMAChannelDisable</name>
         <value>0x3581</value>
         <object_component_ref idref="oc-74d"/>
      </symbol>
      <symbol id="sm-cab">
         <name>USBDMAChannelEnable</name>
         <value>0x3593</value>
         <object_component_ref idref="oc-782"/>
      </symbol>
      <symbol id="sm-cac">
         <name>USBHostResume</name>
         <value>0x3535</value>
         <object_component_ref idref="oc-1dc"/>
      </symbol>
      <symbol id="sm-cad">
         <name>USBIntEnableControl</name>
         <value>0x2fd9</value>
         <object_component_ref idref="oc-3f3"/>
      </symbol>
      <symbol id="sm-cae">
         <name>USBEndpointDMAChannel</name>
         <value>0x331d</value>
         <object_component_ref idref="oc-6f1"/>
      </symbol>
      <symbol id="sm-caf">
         <name>__TI_static_base__</name>
         <value>0x0</value>
      </symbol>
      <symbol id="sm-cb2">
         <name>__mpu_init</name>
         <value>0x0</value>
      </symbol>
      <symbol id="sm-cb3">
         <name>_system_post_cinit</name>
         <value>0x0</value>
      </symbol>
   </symbol_table>
   <title>Link successful</title>
</link_info>
